Component: ARM Compiler 5.06 update 7 (build 960) Tool: armlink [4d3601]

==============================================================================

Section Cross References

    startup_stm32f10x_md.o(STACK) refers (Special) to heapauxi.o(.text) for __use_two_region_memory
    startup_stm32f10x_md.o(HEAP) refers (Special) to heapauxi.o(.text) for __use_two_region_memory
    startup_stm32f10x_md.o(RESET) refers (Special) to heapauxi.o(.text) for __use_two_region_memory
    startup_stm32f10x_md.o(RESET) refers to startup_stm32f10x_md.o(STACK) for __initial_sp
    startup_stm32f10x_md.o(RESET) refers to startup_stm32f10x_md.o(.text) for Reset_Handler
    startup_stm32f10x_md.o(RESET) refers to stm32f10x_it.o(i.NMI_Handler) for NMI_Handler
    startup_stm32f10x_md.o(RESET) refers to stm32f10x_it.o(i.HardFault_Handler) for HardFault_Handler
    startup_stm32f10x_md.o(RESET) refers to stm32f10x_it.o(i.MemManage_Handler) for MemManage_Handler
    startup_stm32f10x_md.o(RESET) refers to stm32f10x_it.o(i.BusFault_Handler) for BusFault_Handler
    startup_stm32f10x_md.o(RESET) refers to stm32f10x_it.o(i.UsageFault_Handler) for UsageFault_Handler
    startup_stm32f10x_md.o(RESET) refers to port.o(.emb_text) for SVC_Handler
    startup_stm32f10x_md.o(RESET) refers to stm32f10x_it.o(i.DebugMon_Handler) for DebugMon_Handler
    startup_stm32f10x_md.o(RESET) refers to delay.o(i.SysTick_Handler) for SysTick_Handler
    startup_stm32f10x_md.o(RESET) refers to bsp_usart.o(i.USART1_IRQHandler) for USART1_IRQHandler
    startup_stm32f10x_md.o(.text) refers (Special) to heapauxi.o(.text) for __use_two_region_memory
    startup_stm32f10x_md.o(.text) refers to system_stm32f10x.o(i.SystemInit) for SystemInit
    startup_stm32f10x_md.o(.text) refers to __main.o(!!!main) for __main
    startup_stm32f10x_md.o(.text) refers to startup_stm32f10x_md.o(HEAP) for Heap_Mem
    startup_stm32f10x_md.o(.text) refers to startup_stm32f10x_md.o(STACK) for Stack_Mem
    event_groups.o(i.vEventGroupClearBitsCallback) refers to event_groups.o(i.xEventGroupClearBits) for xEventGroupClearBits
    event_groups.o(i.vEventGroupDelete) refers to tasks.o(i.vTaskSuspendAll) for vTaskSuspendAll
    event_groups.o(i.vEventGroupDelete) refers to tasks.o(i.vTaskRemoveFromUnorderedEventList) for vTaskRemoveFromUnorderedEventList
    event_groups.o(i.vEventGroupDelete) refers to heap_4.o(i.vPortFree) for vPortFree
    event_groups.o(i.vEventGroupDelete) refers to tasks.o(i.xTaskResumeAll) for xTaskResumeAll
    event_groups.o(i.vEventGroupSetBitsCallback) refers to event_groups.o(i.xEventGroupSetBits) for xEventGroupSetBits
    event_groups.o(i.xEventGroupClearBits) refers to port.o(i.vPortEnterCritical) for vPortEnterCritical
    event_groups.o(i.xEventGroupClearBits) refers to port.o(i.vPortExitCritical) for vPortExitCritical
    event_groups.o(i.xEventGroupClearBitsFromISR) refers to timers.o(i.xTimerPendFunctionCallFromISR) for xTimerPendFunctionCallFromISR
    event_groups.o(i.xEventGroupClearBitsFromISR) refers to event_groups.o(i.vEventGroupClearBitsCallback) for vEventGroupClearBitsCallback
    event_groups.o(i.xEventGroupCreate) refers to heap_4.o(i.pvPortMalloc) for pvPortMalloc
    event_groups.o(i.xEventGroupCreate) refers to list.o(i.vListInitialise) for vListInitialise
    event_groups.o(i.xEventGroupSetBits) refers to tasks.o(i.vTaskSuspendAll) for vTaskSuspendAll
    event_groups.o(i.xEventGroupSetBits) refers to tasks.o(i.vTaskRemoveFromUnorderedEventList) for vTaskRemoveFromUnorderedEventList
    event_groups.o(i.xEventGroupSetBits) refers to tasks.o(i.xTaskResumeAll) for xTaskResumeAll
    event_groups.o(i.xEventGroupSetBitsFromISR) refers to timers.o(i.xTimerPendFunctionCallFromISR) for xTimerPendFunctionCallFromISR
    event_groups.o(i.xEventGroupSetBitsFromISR) refers to event_groups.o(i.vEventGroupSetBitsCallback) for vEventGroupSetBitsCallback
    event_groups.o(i.xEventGroupSync) refers to tasks.o(i.vTaskSuspendAll) for vTaskSuspendAll
    event_groups.o(i.xEventGroupSync) refers to event_groups.o(i.xEventGroupSetBits) for xEventGroupSetBits
    event_groups.o(i.xEventGroupSync) refers to tasks.o(i.vTaskPlaceOnUnorderedEventList) for vTaskPlaceOnUnorderedEventList
    event_groups.o(i.xEventGroupSync) refers to tasks.o(i.xTaskResumeAll) for xTaskResumeAll
    event_groups.o(i.xEventGroupSync) refers to tasks.o(i.uxTaskResetEventItemValue) for uxTaskResetEventItemValue
    event_groups.o(i.xEventGroupSync) refers to port.o(i.vPortEnterCritical) for vPortEnterCritical
    event_groups.o(i.xEventGroupSync) refers to port.o(i.vPortExitCritical) for vPortExitCritical
    event_groups.o(i.xEventGroupWaitBits) refers to tasks.o(i.vTaskSuspendAll) for vTaskSuspendAll
    event_groups.o(i.xEventGroupWaitBits) refers to event_groups.o(i.prvTestWaitCondition) for prvTestWaitCondition
    event_groups.o(i.xEventGroupWaitBits) refers to tasks.o(i.vTaskPlaceOnUnorderedEventList) for vTaskPlaceOnUnorderedEventList
[...]
    ../clib/printf.c                         0x00000000   Number         0  _printf_intcommon.o ABSOLUTE
    ../clib/printf.c                         0x00000000   Number         0  _printf_char_common.o ABSOLUTE
    ../clib/printf.c                         0x00000000   Number         0  __printf_wp.o ABSOLUTE
    ../clib/printf.c                         0x00000000   Number         0  _sputc.o ABSOLUTE
    ../clib/printf_percent.s                 0x00000000   Number         0  _printf_percent.o ABSOLUTE
    ../clib/printf_percent.s                 0x00000000   Number         0  _printf_percent_end.o ABSOLUTE
    ../clib/printf_percent.s                 0x00000000   Number         0  _printf_u.o ABSOLUTE
    ../clib/printf_percent.s                 0x00000000   Number         0  _printf_c.o ABSOLUTE
    ../clib/signal.c                         0x00000000   Number         0  defsig_rtmem_formal.o ABSOLUTE
    ../clib/signal.c                         0x00000000   Number         0  defsig_rtmem_outer.o ABSOLUTE
    ../clib/signal.c                         0x00000000   Number         0  defsig_rtmem_inner.o ABSOLUTE
    ../clib/signal.c                         0x00000000   Number         0  defsig_other.o ABSOLUTE
    ../clib/signal.c                         0x00000000   Number         0  defsig_exit.o ABSOLUTE
    ../clib/signal.c                         0x00000000   Number         0  defsig_general.o ABSOLUTE
    ../clib/signal.c                         0x00000000   Number         0  defsig_abrt_inner.o ABSOLUTE
    ../clib/signal.c                         0x00000000   Number         0  __raise.o ABSOLUTE
    ../clib/signal.c                         0x00000000   Number         0  defsig_segv_inner.o ABSOLUTE
    ../clib/signal.c                         0x00000000   Number         0  defsig_fpe_inner.o ABSOLUTE
    ../clib/signal.c                         0x00000000   Number         0  defsig_rtred_inner.o ABSOLUTE
    ../clib/signal.c                         0x00000000   Number         0  defsig_stak_inner.o ABSOLUTE
    ../clib/signal.c                         0x00000000   Number         0  defsig_pvfn_inner.o ABSOLUTE
    ../clib/signal.c                         0x00000000   Number         0  defsig_cppl_inner.o ABSOLUTE
    ../clib/signal.s                         0x00000000   Number         0  defsig.o ABSOLUTE
    ../clib/stdlib.c                         0x00000000   Number         0  exit.o ABSOLUTE
    ../clib/string.c                         0x00000000   Number         0  strlen.o ABSOLUTE
    ../clib/string.c                         0x00000000   Number         0  strcpy.o ABSOLUTE
    ../fplib/d2f.s                           0x00000000   Number         0  d2f.o ABSOLUTE
    ../fplib/ddiv.s                          0x00000000   Number         0  ddiv.o ABSOLUTE
    ../fplib/dnaninf.s                       0x00000000   Number         0  dnaninf.o ABSOLUTE
    ../fplib/dretinf.s                       0x00000000   Number         0  dretinf.o ABSOLUTE
    ../fplib/f2d.s                           0x00000000   Number         0  f2d.o ABSOLUTE
    ../fplib/fcmpi.s                         0x00000000   Number         0  fcmpi.o ABSOLUTE
    ../fplib/fflt.s                          0x00000000   Number         0  fflt_clz.o ABSOLUTE
    ../fplib/fleqf.s                         0x00000000   Number         0  fleqf.o ABSOLUTE
    ../fplib/fnaninf.s                       0x00000000   Number         0  fnaninf.o ABSOLUTE
    ../fplib/fpinit.s                        0x00000000   Number         0  fpinit.o ABSOLUTE
    ../fplib/fretinf.s                       0x00000000   Number         0  fretinf.o ABSOLUTE
    ../fplib/frleqf.s                        0x00000000   Number         0  frleqf.o ABSOLUTE
    ../fplib/usenofp.s                       0x00000000   Number         0  usenofp.o ABSOLUTE
    ..\\core\\core_cm3.c                     0x00000000   Number         0  core_cm3.o ABSOLUTE
    ..\\library\\FreeRTOS\\portable\\RVDS\\ARM_CM3\\port.c 0x00000000   Number         0  port.o ABSOLUTE
    ..\\library\\SYSTEM\\sys\\sys.c          0x00000000   Number         0  sys.o ABSOLUTE
    ..\core\core_cm3.c                       0x00000000   Number         0  core_cm3.o ABSOLUTE
    ..\core\startup_stm32f10x_md.s           0x00000000   Number         0  startup_stm32f10x_md.o ABSOLUTE
    ..\groundwork\LED\bsp_led.c              0x00000000   Number         0  bsp_led.o ABSOLUTE
    ..\groundwork\USART\bsp_usart.c          0x00000000   Number         0  bsp_usart.o ABSOLUTE
    ..\library\FreeRTOS\croutine.c           0x00000000   Number         0  croutine.o ABSOLUTE
    ..\library\FreeRTOS\event_groups.c       0x00000000   Number         0  event_groups.o ABSOLUTE
    ..\library\FreeRTOS\list.c               0x00000000   Number         0  list.o ABSOLUTE
    ..\library\FreeRTOS\portable\MemMang\heap_4.c 0x00000000   Number         0  heap_4.o ABSOLUTE
    ..\library\FreeRTOS\portable\RVDS\ARM_CM3\port.c 0x00000000   Number         0  port.o ABSOLUTE
    ..\library\FreeRTOS\queue.c              0x00000000   Number         0  queue.o ABSOLUTE
    ..\library\FreeRTOS\stream_buffer.c      0x00000000   Number         0  stream_buffer.o ABSOLUTE
    ..\library\FreeRTOS\tasks.c              0x00000000   Number         0  tasks.o ABSOLUTE
    ..\library\FreeRTOS\timers.c             0x00000000   Number         0  timers.o ABSOLUTE
    ..\library\STM32F10x_StdPeriph_Driver\src\misc.c 0x00000000   Number         0  misc.o ABSOLUTE
    ..\library\STM32F10x_StdPeriph_Driver\src\stm32f10x_adc.c 0x00000000   Number         0  stm32f10x_adc.o ABSOLUTE
    ..\library\STM32F10x_StdPeriph_Driver\src\stm32f10x_bkp.c 0x00000000   Number         0  stm32f10x_bkp.o ABSOLUTE
    ..\library\STM32F10x_StdPeriph_Driver\src\stm32f10x_can.c 0x00000000   Number         0  stm32f10x_can.o ABSOLUTE
    ..\library\STM32F10x_StdPeriph_Driver\src\stm32f10x_cec.c 0x00000000   Number         0  stm32f10x_cec.o ABSOLUTE
    ..\library\STM32F10x_StdPeriph_Driver\src\stm32f10x_crc.c 0x00000000   Number         0  stm32f10x_crc.o ABSOLUTE
    ..\library\STM32F10x_StdPeriph_Driver\src\stm32f10x_dac.c 0x00000000   Number         0  stm32f10x_dac.o ABSOLUTE
    ..\library\STM32F10x_StdPeriph_Driver\src\stm32f10x_dbgmcu.c 0x00000000   Number         0  stm32f10x_dbgmcu.o ABSOLUTE
    ..\library\STM32F10x_StdPeriph_Driver\src\stm32f10x_dma.c 0x00000000   Number         0  stm32f10x_dma.o ABSOLUTE
    ..\library\STM32F10x_StdPeriph_Driver\src\stm32f10x_exti.c 0x00000000   Number         0  stm32f10x_exti.o ABSOLUTE
    ..\library\STM32F10x_StdPeriph_Driver\src\stm32f10x_flash.c 0x00000000   Number         0  stm32f10x_flash.o ABSOLUTE
    ..\library\STM32F10x_StdPeriph_Driver\src\stm32f10x_fsmc.c 0x00000000   Number         0  stm32f10x_fsmc.o ABSOLUTE
    ..\library\STM32F10x_StdPeriph_Driver\src\stm32f10x_gpio.c 0x00000000   Number         0  stm32f10x_gpio.o ABSOLUTE
    ..\library\STM32F10x_StdPeriph_Driver\src\stm32f10x_i2c.c 0x00000000   Number         0  stm32f10x_i2c.o ABSOLUTE
    ..\library\STM32F10x_StdPeriph_Driver\src\stm32f10x_iwdg.c 0x00000000   Number         0  stm32f10x_iwdg.o ABSOLUTE
    ..\library\STM32F10x_StdPeriph_Driver\src\stm32f10x_pwr.c 0x00000000   Number         0  stm32f10x_pwr.o ABSOLUTE
    ..\library\STM32F10x_StdPeriph_Driver\src\stm32f10x_rcc.c 0x00000000   Number         0  stm32f10x_rcc.o ABSOLUTE
    ..\library\STM32F10x_StdPeriph_Driver\src\stm32f10x_rtc.c 0x00000000   Number         0  stm32f10x_rtc.o ABSOLUTE
    ..\library\STM32F10x_StdPeriph_Driver\src\stm32f10x_sdio.c 0x00000000   Number         0  stm32f10x_sdio.o ABSOLUTE
    ..\library\STM32F10x_StdPeriph_Driver\src\stm32f10x_spi.c 0x00000000   Number         0  stm32f10x_spi.o ABSOLUTE
    ..\library\STM32F10x_StdPeriph_Driver\src\stm32f10x_tim.c 0x00000000   Number         0  stm32f10x_tim.o ABSOLUTE
    ..\library\STM32F10x_StdPeriph_Driver\src\stm32f10x_usart.c 0x00000000   Number         0  stm32f10x_usart.o ABSOLUTE
    ..\library\STM32F10x_StdPeriph_Driver\src\stm32f10x_wwdg.c 0x00000000   Number         0  stm32f10x_wwdg.o ABSOLUTE
    ..\library\SYSTEM\delay\delay.c          0x00000000   Number         0  delay.o ABSOLUTE
    ..\library\SYSTEM\sys\sys.c              0x00000000   Number         0  sys.o ABSOLUTE
    ..\modules\HX711\bsp_hx711_1.c           0x00000000   Number         0  bsp_hx711_1.o ABSOLUTE
    ..\modules\HX711\bsp_hx711_2.c           0x00000000   Number         0  bsp_hx711_2.o ABSOLUTE
    ..\modules\HX711\bsp_hx711_3.c           0x00000000   Number         0  bsp_hx711_3.o ABSOLUTE
    ..\modules\HX711\bsp_hx711_4.c           0x00000000   Number         0  bsp_hx711_4.o ABSOLUTE
    ..\modules\RGB_LED\bsp_rgb.c             0x00000000   Number         0  bsp_rgb.o ABSOLUTE
    ..\user\src\main.c                       0x00000000   Number         0  main.o ABSOLUTE
    ..\user\src\start_task.c                 0x00000000   Number         0  start_task.o ABSOLUTE
    ..\user\src\stm32f10x_it.c               0x00000000   Number         0  stm32f10x_it.o ABSOLUTE
    ..\user\src\system_stm32f10x.c           0x00000000   Number         0  system_stm32f10x.o ABSOLUTE
    dc.s                                     0x00000000   Number         0  dc.o ABSOLUTE
    RESET                                    0x08000000   Section      236  startup_stm32f10x_md.o(RESET)
    !!!main                                  0x080000ec   Section        8  __main.o(!!!main)
    !!!scatter                               0x080000f4   Section       52  __scatter.o(!!!scatter)
    !!handler_copy                           0x08000128   Section       26  __scatter_copy.o(!!handler_copy)
    !!handler_zi                             0x08000144   Section       28  __scatter_zi.o(!!handler_zi)
    .ARM.Collect$$libinit$$00000000          0x08000160   Section        2  libinit.o(.ARM.Collect$$libinit$$00000000)
    .ARM.Collect$$libinit$$00000002          0x08000162   Section        0  libinit2.o(.ARM.Collect$$libinit$$00000002)
    .ARM.Collect$$libinit$$00000004          0x08000162   Section        0  libinit2.o(.ARM.Collect$$libinit$$00000004)
    .ARM.Collect$$libinit$$0000000A          0x08000162   Section        0  libinit2.o(.ARM.Collect$$libinit$$0000000A)
    .ARM.Collect$$libinit$$0000000C          0x08000162   Section        0  libinit2.o(.ARM.Collect$$libinit$$0000000C)
    .ARM.Collect$$libinit$$0000000E          0x08000162   Section        0  libinit2.o(.ARM.Collect$$libinit$$0000000E)
    .ARM.Collect$$libinit$$00000011          0x08000162   Section        0  libinit2.o(.ARM.Collect$$libinit$$00000011)
    .ARM.Collect$$libinit$$00000013          0x08000162   Section        0  libinit2.o(.ARM.Collect$$libinit$$00000013)
    .ARM.Collect$$libinit$$00000015          0x08000162   Section        0  libinit2.o(.ARM.Collect$$libinit$$00000015)
    .ARM.Collect$$libinit$$00000017          0x08000162   Section        0  libinit2.o(.ARM.Collect$$libinit$$00000017)
    .ARM.Collect$$libinit$$00000019          0x08000162   Section        0  libinit2.o(.ARM.Collect$$libinit$$00000019)
    .ARM.Collect$$libinit$$0000001B          0x08000162   Section        0  libinit2.o(.ARM.Collect$$libinit$$0000001B)
    .ARM.Collect$$libinit$$0000001D          0x08000162   Section        0  libinit2.o(.ARM.Collect$$libinit$$0000001D)
    .ARM.Collect$$libinit$$0000001F          0x08000162   Section        0  libinit2.o(.ARM.Collect$$libinit$$0000001F)
    .ARM.Collect$$libinit$$00000021          0x08000162   Section        0  libinit2.o(.ARM.Collect$$libinit$$00000021)
    .ARM.Collect$$libinit$$00000023          0x08000162   Section        0  libinit2.o(.ARM.Collect$$libinit$$00000023)
    .ARM.Collect$$libinit$$00000025          0x08000162   Section        0  libinit2.o(.ARM.Collect$$libinit$$00000025)
    .ARM.Collect$$libinit$$0000002C          0x08000162   Section        0  libinit2.o(.ARM.Collect$$libinit$$0000002C)
    .ARM.Collect$$libinit$$0000002E          0x08000162   Section        0  libinit2.o(.ARM.Collect$$libinit$$0000002E)
    .ARM.Collect$$libinit$$00000030          0x08000162   Section        0  libinit2.o(.ARM.Collect$$libinit$$00000030)
    .ARM.Collect$$libinit$$00000032          0x08000162   Section        0  libinit2.o(.ARM.Collect$$libinit$$00000032)
    .ARM.Collect$$libinit$$00000033          0x08000162   Section        2  libinit2.o(.ARM.Collect$$libinit$$00000033)
    .ARM.Collect$$libshutdown$$00000000      0x08000164   Section        2  libshutdown.o(.ARM.Collect$$libshutdown$$00000000)
    .ARM.Collect$$libshutdown$$00000002      0x08000166   Section        0  libshutdown2.o(.ARM.Collect$$libshutdown$$00000002)
    .ARM.Collect$$libshutdown$$00000004      0x08000166   Section        0  libshutdown2.o(.ARM.Collect$$libshutdown$$00000004)
    .ARM.Collect$$libshutdown$$00000006      0x08000166   Section        0  libshutdown2.o(.ARM.Collect$$libshutdown$$00000006)
    .ARM.Collect$$libshutdown$$00000009      0x08000166   Section        0  libshutdown2.o(.ARM.Collect$$libshutdown$$00000009)
    .ARM.Collect$$libshutdown$$0000000C      0x08000166   Section        0  libshutdown2.o(.ARM.Collect$$libshutdown$$0000000C)
    .ARM.Collect$$libshutdown$$0000000E      0x08000166   Section        0  libshutdown2.o(.ARM.Collect$$libshutdown$$0000000E)
    .ARM.Collect$$libshutdown$$00000011      0x08000166   Section        0  libshutdown2.o(.ARM.Collect$$libshutdown$$00000011)
    .ARM.Collect$$libshutdown$$00000012      0x08000166   Section        2  libshutdown2.o(.ARM.Collect$$libshutdown$$00000012)
    .ARM.Collect$$rtentry$$00000000          0x08000168   Section        0  __rtentry.o(.ARM.Collect$$rtentry$$00000000)
    .ARM.Collect$$rtentry$$00000002          0x08000168   Section        0  __rtentry2.o(.ARM.Collect$$rtentry$$00000002)
    .ARM.Collect$$rtentry$$00000004          0x08000168   Section        6  __rtentry4.o(.ARM.Collect$$rtentry$$00000004)
    .ARM.Collect$$rtentry$$00000009          0x0800016e   Section        0  __rtentry2.o(.ARM.Collect$$rtentry$$00000009)
    .ARM.Collect$$rtentry$$0000000A          0x0800016e   Section        4  __rtentry2.o(.ARM.Collect$$rtentry$$0000000A)
    .ARM.Collect$$rtentry$$0000000C          0x08000172   Section        0  __rtentry2.o(.ARM.Collect$$rtentry$$0000000C)
    .ARM.Collect$$rtentry$$0000000D          0x08000172   Section        8  __rtentry2.o(.ARM.Collect$$rtentry$$0000000D)
    .ARM.Collect$$rtexit$$00000000           0x0800017a   Section        2  rtexit.o(.ARM.Collect$$rtexit$$00000000)
    .ARM.Collect$$rtexit$$00000002           0x0800017c   Section        0  rtexit2.o(.ARM.Collect$$rtexit$$00000002)
    .ARM.Collect$$rtexit$$00000003           0x0800017c   Section        4  rtexit2.o(.ARM.Collect$$rtexit$$00000003)
    .ARM.Collect$$rtexit$$00000004           0x08000180   Section        6  rtexit2.o(.ARM.Collect$$rtexit$$00000004)
    .emb_text                                0x08000188   Section      150  port.o(.emb_text)
    .text                                    0x08000220   Section       64  startup_stm32f10x_md.o(.text)
    .text                                    0x08000260   Section        2  use_no_semi_2.o(.text)
    .text                                    0x08000262   Section      138  rt_memcpy_v6.o(.text)
    .text                                    0x080002ec   Section       16  aeabi_memset.o(.text)
    .text                                    0x080002fc   Section       78  rt_memclr_w.o(.text)
    .text                                    0x0800034a   Section        0  heapauxi.o(.text)
    .text                                    0x08000350   Section        2  use_no_semi.o(.text)
    .text                                    0x08000352   Section      100  rt_memcpy_w.o(.text)
    .text                                    0x080003b6   Section       68  rt_memclr.o(.text)
    .text                                    0x080003fa   Section       74  sys_stackheap_outer.o(.text)
    .text                                    0x08000444   Section        0  exit.o(.text)
    .text                                    0x08000458   Section        8  libspace.o(.text)
    i.BusFault_Handler                       0x08000460   Section        0  stm32f10x_it.o(i.BusFault_Handler)
    i.DebugMon_Handler                       0x08000464   Section        0  stm32f10x_it.o(i.DebugMon_Handler)
    i.GPIO_Init                              0x08000466   Section        0  stm32f10x_gpio.o(i.GPIO_Init)
    i.GPIO_PinRemapConfig                    0x0800057c   Section        0  stm32f10x_gpio.o(i.GPIO_PinRemapConfig)
    i.GPIO_SetBits                           0x0800060c   Section        0  stm32f10x_gpio.o(i.GPIO_SetBits)
    i.HardFault_Handler                      0x08000610   Section        0  stm32f10x_it.o(i.HardFault_Handler)
    i.Init_1_HX711pin                        0x08000614   Section        0  bsp_hx711_1.o(i.Init_1_HX711pin)
    i.MemManage_Handler                      0x0800065c   Section        0  stm32f10x_it.o(i.MemManage_Handler)
    i.NMI_Handler                            0x08000660   Section        0  stm32f10x_it.o(i.NMI_Handler)
    i.NVIC_Init                              0x08000664   Section        0  misc.o(i.NVIC_Init)
    i.RCC_APB1PeriphClockCmd                 0x080006d4   Section        0  stm32f10x_rcc.o(i.RCC_APB1PeriphClockCmd)
    i.RCC_APB2PeriphClockCmd                 0x080006f4   Section        0  stm32f10x_rcc.o(i.RCC_APB2PeriphClockCmd)
    i.RCC_GetClocksFreq                      0x08000714   Section        0  stm32f10x_rcc.o(i.RCC_GetClocksFreq)
    i.SetSysClock                            0x080007e8   Section        0  system_stm32f10x.o(i.SetSysClock)
    SetSysClock                              0x080007e9   Thumb Code     8  system_stm32f10x.o(i.SetSysClock)
    i.SetSysClockTo72                        0x080007f0   Section        0  system_stm32f10x.o(i.SetSysClockTo72)
    SetSysClockTo72                          0x080007f1   Thumb Code   214  system_stm32f10x.o(i.SetSysClockTo72)
    i.SysTick_CLKSourceConfig                0x080008d0   Section        0  misc.o(i.SysTick_CLKSourceConfig)
    i.SysTick_Handler                        0x080008f8   Section        0  delay.o(i.SysTick_Handler)
    i.SystemInit                             0x08000908   Section        0  system_stm32f10x.o(i.SystemInit)
    i.TIM_Cmd                                0x08000968   Section        0  stm32f10x_tim.o(i.TIM_Cmd)
    i.TIM_OC1Init                            0x08000980   Section        0  stm32f10x_tim.o(i.TIM_OC1Init)
    i.TIM_OC1PreloadConfig                   0x08000a18   Section        0  stm32f10x_tim.o(i.TIM_OC1PreloadConfig)
    i.TIM_OC2Init                            0x08000a2c   Section        0  stm32f10x_tim.o(i.TIM_OC2Init)
    i.TIM_OC2PreloadConfig                   0x08000ad0   Section        0  stm32f10x_tim.o(i.TIM_OC2PreloadConfig)
    i.TIM_OC3Init                            0x08000aec   Section        0  stm32f10x_tim.o(i.TIM_OC3Init)
    i.TIM_OC3PreloadConfig                   0x08000b8c   Section        0  stm32f10x_tim.o(i.TIM_OC3PreloadConfig)
    i.TIM_SetCompare1                        0x08000b9e   Section        0  stm32f10x_tim.o(i.TIM_SetCompare1)
    i.TIM_SetCompare2                        0x08000ba2   Section        0  stm32f10x_tim.o(i.TIM_SetCompare2)
    i.TIM_SetCompare3                        0x08000ba6   Section        0  stm32f10x_tim.o(i.TIM_SetCompare3)
    i.TIM_TimeBaseInit                       0x08000bac   Section        0  stm32f10x_tim.o(i.TIM_TimeBaseInit)
    i.USART1_IRQHandler                      0x08000c50   Section        0  bsp_usart.o(i.USART1_IRQHandler)
    i.USART_Cmd                              0x08000cd8   Section        0  stm32f10x_usart.o(i.USART_Cmd)
    i.USART_GetITStatus                      0x08000cf0   Section        0  stm32f10x_usart.o(i.USART_GetITStatus)
    i.USART_ITConfig                         0x08000d44   Section        0  stm32f10x_usart.o(i.USART_ITConfig)
    i.USART_Init                             0x08000d90   Section        0  stm32f10x_usart.o(i.USART_Init)
    i.USART_ReceiveData                      0x08000e68   Section        0  stm32f10x_usart.o(i.USART_ReceiveData)
    i.UsageFault_Handler                     0x08000e72   Section        0  stm32f10x_it.o(i.UsageFault_Handler)
    i.Weight_task                            0x08000e78   Section        0  start_task.o(i.Weight_task)
    i._sys_exit                              0x08000ff0   Section        0  bsp_usart.o(i._sys_exit)
    i.create_start_task                      0x08000ff4   Section        0  start_task.o(i.create_start_task)
    i.delay_init                             0x08001020   Section        0  delay.o(i.delay_init)
    i.main                                   0x0800107c   Section        0  main.o(i.main)
    i.mx_led_init                            0x080010dc   Section        0  bsp_led.o(i.mx_led_init)
    i.mx_tim3_init                           0x08001110   Section        0  bsp_rgb.o(i.mx_tim3_init)
    i.mx_tim4_init                           0x080011ec   Section        0  bsp_rgb.o(i.mx_tim4_init)
    i.mx_uart_init                           0x080012c4   Section        0  bsp_usart.o(i.mx_uart_init)
    i.prvAddCurrentTaskToDelayedList         0x08001368   Section        0  tasks.o(i.prvAddCurrentTaskToDelayedList)
    prvAddCurrentTaskToDelayedList           0x08001369   Thumb Code   124  tasks.o(i.prvAddCurrentTaskToDelayedList)
    i.prvAddNewTaskToReadyList               0x08001400   Section        0  tasks.o(i.prvAddNewTaskToReadyList)
    prvAddNewTaskToReadyList                 0x08001401   Thumb Code   156  tasks.o(i.prvAddNewTaskToReadyList)
    i.prvCheckForValidListAndQueue           0x080014b8   Section        0  timers.o(i.prvCheckForValidListAndQueue)
    prvCheckForValidListAndQueue             0x080014b9   Thumb Code    72  timers.o(i.prvCheckForValidListAndQueue)
    i.prvCheckTasksWaitingTermination        0x0800151c   Section        0  tasks.o(i.prvCheckTasksWaitingTermination)
    prvCheckTasksWaitingTermination          0x0800151d   Thumb Code    60  tasks.o(i.prvCheckTasksWaitingTermination)
    i.prvCopyDataFromQueue                   0x08001564   Section        0  queue.o(i.prvCopyDataFromQueue)
    prvCopyDataFromQueue                     0x08001565   Thumb Code    42  queue.o(i.prvCopyDataFromQueue)
    i.prvCopyDataToQueue                     0x0800158e   Section        0  queue.o(i.prvCopyDataToQueue)
    prvCopyDataToQueue                       0x0800158f   Thumb Code   126  queue.o(i.prvCopyDataToQueue)
    i.prvDeleteTCB                           0x0800160c   Section        0  tasks.o(i.prvDeleteTCB)
    prvDeleteTCB                             0x0800160d   Thumb Code    18  tasks.o(i.prvDeleteTCB)
    i.prvGetNextExpireTime                   0x08001620   Section        0  timers.o(i.prvGetNextExpireTime)
    prvGetNextExpireTime                     0x08001621   Thumb Code    36  timers.o(i.prvGetNextExpireTime)
    i.prvHeapInit                            0x08001648   Section        0  heap_4.o(i.prvHeapInit)
    prvHeapInit                              0x08001649   Thumb Code    98  heap_4.o(i.prvHeapInit)
    i.prvIdleTask                            0x080016c4   Section        0  tasks.o(i.prvIdleTask)
    prvIdleTask                              0x080016c5   Thumb Code    32  tasks.o(i.prvIdleTask)
    i.prvInitialiseNewQueue                  0x080016ec   Section        0  queue.o(i.prvInitialiseNewQueue)
    prvInitialiseNewQueue                    0x080016ed   Thumb Code    46  queue.o(i.prvInitialiseNewQueue)
    i.prvInitialiseNewTask                   0x0800171a   Section        0  tasks.o(i.prvInitialiseNewTask)
    prvInitialiseNewTask                     0x0800171b   Thumb Code   154  tasks.o(i.prvInitialiseNewTask)
    i.prvInitialiseTaskLists                 0x080017b4   Section        0  tasks.o(i.prvInitialiseTaskLists)
    prvInitialiseTaskLists                   0x080017b5   Thumb Code    70  tasks.o(i.prvInitialiseTaskLists)
    i.prvInsertBlockIntoFreeList             0x0800181c   Section        0  heap_4.o(i.prvInsertBlockIntoFreeList)
    prvInsertBlockIntoFreeList               0x0800181d   Thumb Code    96  heap_4.o(i.prvInsertBlockIntoFreeList)
    i.prvInsertTimerInActiveList             0x08001884   Section        0  timers.o(i.prvInsertTimerInActiveList)
    prvInsertTimerInActiveList               0x08001885   Thumb Code    80  timers.o(i.prvInsertTimerInActiveList)
    i.prvIsQueueEmpty                        0x080018dc   Section        0  queue.o(i.prvIsQueueEmpty)
    prvIsQueueEmpty                          0x080018dd   Thumb Code    26  queue.o(i.prvIsQueueEmpty)
    i.prvIsQueueFull                         0x080018f6   Section        0  queue.o(i.prvIsQueueFull)
    prvIsQueueFull                           0x080018f7   Thumb Code    30  queue.o(i.prvIsQueueFull)
    i.prvNotifyQueueSetContainer             0x08001914   Section        0  queue.o(i.prvNotifyQueueSetContainer)
    prvNotifyQueueSetContainer               0x08001915   Thumb Code    82  queue.o(i.prvNotifyQueueSetContainer)
    i.prvProcessExpiredTimer                 0x08001968   Section        0  timers.o(i.prvProcessExpiredTimer)
    prvProcessExpiredTimer                   0x08001969   Thumb Code    86  timers.o(i.prvProcessExpiredTimer)
    i.prvProcessReceivedCommands             0x080019c4   Section        0  timers.o(i.prvProcessReceivedCommands)
    prvProcessReceivedCommands               0x080019c5   Thumb Code   264  timers.o(i.prvProcessReceivedCommands)
    i.prvProcessTimerOrBlockTask             0x08001ad0   Section        0  timers.o(i.prvProcessTimerOrBlockTask)
    prvProcessTimerOrBlockTask               0x08001ad1   Thumb Code   102  timers.o(i.prvProcessTimerOrBlockTask)
    i.prvResetNextTaskUnblockTime            0x08001b44   Section        0  tasks.o(i.prvResetNextTaskUnblockTime)
    prvResetNextTaskUnblockTime              0x08001b45   Thumb Code    42  tasks.o(i.prvResetNextTaskUnblockTime)
    i.prvSampleTimeNow                       0x08001b78   Section        0  timers.o(i.prvSampleTimeNow)
    prvSampleTimeNow                         0x08001b79   Thumb Code    40  timers.o(i.prvSampleTimeNow)
    i.prvSwitchTimerLists                    0x08001ba4   Section        0  timers.o(i.prvSwitchTimerLists)
    prvSwitchTimerLists                      0x08001ba5   Thumb Code   126  timers.o(i.prvSwitchTimerLists)
    i.prvTaskExitError                       0x08001c2c   Section        0  port.o(i.prvTaskExitError)
    prvTaskExitError                         0x08001c2d   Thumb Code    22  port.o(i.prvTaskExitError)
    i.prvTimerTask                           0x08001c42   Section        0  timers.o(i.prvTimerTask)
    prvTimerTask                             0x08001c43   Thumb Code    26  timers.o(i.prvTimerTask)
    i.prvUnlockQueue                         0x08001c5c   Section        0  queue.o(i.prvUnlockQueue)
    prvUnlockQueue                           0x08001c5d   Thumb Code   146  queue.o(i.prvUnlockQueue)
    i.pvPortMalloc                           0x08001cf0   Section        0  heap_4.o(i.pvPortMalloc)
    i.pxPortInitialiseStack                  0x08001dc0   Section        0  port.o(i.pxPortInitialiseStack)
    i.start_task                             0x08001de4   Section        0  start_task.o(i.start_task)
    i.uxListRemove                           0x08001e28   Section        0  list.o(i.uxListRemove)
    i.vListInitialise                        0x08001e50   Section        0  list.o(i.vListInitialise)
    i.vListInitialiseItem                    0x08001e6a   Section        0  list.o(i.vListInitialiseItem)
    i.vListInsert                            0x08001e70   Section        0  list.o(i.vListInsert)
    i.vListInsertEnd                         0x08001ea4   Section        0  list.o(i.vListInsertEnd)
    i.vPortEnterCritical                     0x08001ebc   Section        0  port.o(i.vPortEnterCritical)
    i.vPortExitCritical                      0x08001ee0   Section        0  port.o(i.vPortExitCritical)
    i.vPortFree                              0x08001f00   Section        0  heap_4.o(i.vPortFree)
    i.vPortSetupTimerInterrupt               0x08001f48   Section        0  port.o(i.vPortSetupTimerInterrupt)
    i.vQueueAddToRegistry                    0x08001f70   Section        0  queue.o(i.vQueueAddToRegistry)
    i.vQueueWaitForMessageRestricted         0x08001f9c   Section        0  queue.o(i.vQueueWaitForMessageRestricted)
    i.vTaskDelay                             0x08001fe8   Section        0  tasks.o(i.vTaskDelay)
    i.vTaskDelete                            0x0800201c   Section        0  tasks.o(i.vTaskDelete)
    i.vTaskInternalSetTimeOutState           0x080020e8   Section        0  tasks.o(i.vTaskInternalSetTimeOutState)
    i.vTaskMissedYield                       0x08002100   Section        0  tasks.o(i.vTaskMissedYield)
    i.vTaskPlaceOnEventList                  0x0800210c   Section        0  tasks.o(i.vTaskPlaceOnEventList)
    i.vTaskPlaceOnEventListRestricted        0x0800212c   Section        0  tasks.o(i.vTaskPlaceOnEventListRestricted)
    i.vTaskStartScheduler                    0x08002154   Section        0  tasks.o(i.vTaskStartScheduler)
    i.vTaskSuspendAll                        0x080021c4   Section        0  tasks.o(i.vTaskSuspendAll)
    i.vTaskSwitchContext                     0x080021d4   Section        0  tasks.o(i.vTaskSwitchContext)
    i.xPortStartScheduler                    0x08002234   Section        0  port.o(i.xPortStartScheduler)
    i.xPortSysTickHandler                    0x08002268   Section        0  port.o(i.xPortSysTickHandler)
    i.xQueueGenericCreate                    0x0800229c   Section        0  queue.o(i.xQueueGenericCreate)
    i.xQueueGenericReset                     0x080022d8   Section        0  queue.o(i.xQueueGenericReset)
    i.xQueueGenericSend                      0x08002358   Section        0  queue.o(i.xQueueGenericSend)
    i.xQueueGenericSendFromISR               0x080024a0   Section        0  queue.o(i.xQueueGenericSendFromISR)
    i.xQueueReceive                          0x0800253c   Section        0  queue.o(i.xQueueReceive)
    i.xTaskCheckForTimeOut                   0x08002640   Section        0  tasks.o(i.xTaskCheckForTimeOut)
    i.xTaskCreate                            0x0800269c   Section        0  tasks.o(i.xTaskCreate)
    i.xTaskGetSchedulerState                 0x080026fc   Section        0  tasks.o(i.xTaskGetSchedulerState)
    i.xTaskGetTickCount                      0x0800271c   Section        0  tasks.o(i.xTaskGetTickCount)
    i.xTaskIncrementTick                     0x08002728   Section        0  tasks.o(i.xTaskIncrementTick)
    i.xTaskPriorityDisinherit                0x08002844   Section        0  tasks.o(i.xTaskPriorityDisinherit)
    i.xTaskRemoveFromEventList               0x080028c8   Section        0  tasks.o(i.xTaskRemoveFromEventList)
    i.xTaskResumeAll                         0x08002948   Section        0  tasks.o(i.xTaskResumeAll)
    i.xTimerCreateTimerTask                  0x08002a30   Section        0  timers.o(i.xTimerCreateTimerTask)
    i.xTimerGenericCommand                   0x08002a6c   Section        0  timers.o(i.xTimerGenericCommand)
    x$fpl$fcmpinf                            0x08002ad8   Section       24  fcmpi.o(x$fpl$fcmpinf)
    x$fpl$fleqf                              0x08002af0   Section      104  fleqf.o(x$fpl$fleqf)
    x$fpl$fnaninf                            0x08002b58   Section      140  fnaninf.o(x$fpl$fnaninf)
    x$fpl$frleqf                             0x08002be4   Section       98  frleqf.o(x$fpl$frleqf)
    x$fpl$usenofp                            0x08002c46   Section        0  usenofp.o(x$fpl$usenofp)
    .data                                    0x20000000   Section       60  tasks.o(.data)
    pxDelayedTaskList                        0x20000004   Data           4  tasks.o(.data)
    pxOverflowDelayedTaskList                0x20000008   Data           4  tasks.o(.data)
    uxDeletedTasksWaitingCleanUp             0x2000000c   Data           4  tasks.o(.data)
    uxCurrentNumberOfTasks                   0x20000010   Data           4  tasks.o(.data)
    xTickCount                               0x20000014   Data           4  tasks.o(.data)
    uxTopReadyPriority                       0x20000018   Data           4  tasks.o(.data)
    xSchedulerRunning                        0x2000001c   Data           4  tasks.o(.data)
    uxPendedTicks                            0x20000020   Data           4  tasks.o(.data)
    xYieldPending                            0x20000024   Data           4  tasks.o(.data)
    xNumOfOverflows                          0x20000028   Data           4  tasks.o(.data)
    uxTaskNumber                             0x2000002c   Data           4  tasks.o(.data)
    xNextTaskUnblockTime                     0x20000030   Data           4  tasks.o(.data)
    xIdleTaskHandle                          0x20000034   Data           4  tasks.o(.data)
    uxSchedulerSuspended                     0x20000038   Data           4  tasks.o(.data)
    .data                                    0x2000003c   Section       20  timers.o(.data)
    pxCurrentTimerList                       0x2000003c   Data           4  timers.o(.data)
    pxOverflowTimerList                      0x20000040   Data           4  timers.o(.data)
    xTimerQueue                              0x20000044   Data           4  timers.o(.data)
    xTimerTaskHandle                         0x20000048   Data           4  timers.o(.data)
    xLastTime                                0x2000004c   Data           4  timers.o(.data)
    .data                                    0x20000050   Section        4  port.o(.data)
    uxCriticalNesting                        0x20000050   Data           4  port.o(.data)
    .data                                    0x20000054   Section       24  heap_4.o(.data)
    xStart                                   0x20000054   Data           8  heap_4.o(.data)
    pxEnd                                    0x2000005c   Data           4  heap_4.o(.data)
    xFreeBytesRemaining                      0x20000060   Data           4  heap_4.o(.data)
    xMinimumEverFreeBytesRemaining           0x20000064   Data           4  heap_4.o(.data)
    xBlockAllocatedBit                       0x20000068   Data           4  heap_4.o(.data)
    .data                                    0x2000006c   Section       20  stm32f10x_rcc.o(.data)
    APBAHBPrescTable                         0x2000006c   Data          16  stm32f10x_rcc.o(.data)
    ADCPrescTable                            0x2000007c   Data           4  stm32f10x_rcc.o(.data)
    .data                                    0x20000080   Section        4  delay.o(.data)
    fac_us                                   0x20000080   Data           1  delay.o(.data)
    fac_ms                                   0x20000082   Data           2  delay.o(.data)
    .data                                    0x20000084   Section       41  start_task.o(.data)
    .data                                    0x200000b0   Section       20  system_stm32f10x.o(.data)
    .data                                    0x200000c4   Section        6  bsp_usart.o(.data)
    .bss                                     0x200000cc   Section       64  queue.o(.bss)
    .bss                                     0x2000010c   Section      740  tasks.o(.bss)
    pxReadyTasksLists                        0x2000010c   Data         640  tasks.o(.bss)
    xDelayedTaskList1                        0x2000038c   Data          20  tasks.o(.bss)
    xDelayedTaskList2                        0x200003a0   Data          20  tasks.o(.bss)
    xPendingReadyList                        0x200003b4   Data          20  tasks.o(.bss)
    xTasksWaitingTermination                 0x200003c8   Data          20  tasks.o(.bss)
    xSuspendedTaskList                       0x200003dc   Data          20  tasks.o(.bss)
    .bss                                     0x200003f0   Section       40  timers.o(.bss)
    xActiveTimerList1                        0x200003f0   Data          20  timers.o(.bss)
    xActiveTimerList2                        0x20000404   Data          20  timers.o(.bss)
    .bss                                     0x20000418   Section    12288  heap_4.o(.bss)
    ucHeap                                   0x20000418   Data       12288  heap_4.o(.bss)
    .bss                                     0x20003418   Section       20  main.o(.bss)
    .bss                                     0x2000342c   Section      200  bsp_usart.o(.bss)
    .bss                                     0x200034f4   Section       96  libspace.o(.bss)
    HEAP                                     0x20003558   Section      512  startup_stm32f10x_md.o(HEAP)
    Heap_Mem                                 0x20003558   Data         512  startup_stm32f10x_md.o(HEAP)
    STACK                                    0x20003758   Section     1024  startup_stm32f10x_md.o(STACK)
    Stack_Mem                                0x20003758   Data        1024  startup_stm32f10x_md.o(STACK)
    __initial_sp                             0x20003b58   Data           0  startup_stm32f10x_md.o(STACK)

    Global Symbols

    Symbol Name                              Value     Ov Type        Size  Object(Section)

    BuildAttributes$$THM_ISAv4$P$D$K$B$S$PE$A:L22UL41UL21$X:L11$S22US41US21$IEEE1$IW$USESV6$~STKCKD$USESV7$~SHL$OSPACE$ROPI$EBA8$UX$STANDARDLIB$REQ8$PRES8$EABIv2 0x00000000   Number         0  anon$$obj.o ABSOLUTE
    __ARM_use_no_argv                        0x00000000   Number         0  main.o ABSOLUTE
    __ARM_exceptions_init                     - Undefined Weak Reference
    __alloca_initialize                       - Undefined Weak Reference
    __arm_fini_                               - Undefined Weak Reference
    __arm_preinit_                            - Undefined Weak Reference
    __cpp_initialize__aeabi_                  - Undefined Weak Reference
    __cxa_finalize                            - Undefined Weak Reference
    __rt_locale                               - Undefined Weak Reference
    __sigvec_lookup                           - Undefined Weak Reference
    _atexit_init                              - Undefined Weak Reference
    _call_atexit_fns                          - Undefined Weak Reference
    _clock_init                               - Undefined Weak Reference
    _fp_trap_init                             - Undefined Weak Reference
    _fp_trap_shutdown                         - Undefined Weak Reference
    _get_lc_collate                           - Undefined Weak Reference
    _get_lc_ctype                             - Undefined Weak Reference
    _get_lc_monetary                          - Undefined Weak Reference
    _get_lc_numeric                           - Undefined Weak Reference
    _get_lc_time                              - Undefined Weak Reference
    _getenv_init                              - Undefined Weak Reference
    _handle_redirection                       - Undefined Weak Reference
    _init_alloc                               - Undefined Weak Reference
    _init_user_alloc                          - Undefined Weak Reference
    _initio                                   - Undefined Weak Reference
    _printf_mbtowc                            - Undefined Weak Reference
    _printf_post_padding                      - Undefined Weak Reference
    _printf_pre_padding                       - Undefined Weak Reference
    _printf_truncate_signed                   - Undefined Weak Reference
    _printf_truncate_unsigned                 - Undefined Weak Reference
    _rand_init                                - Undefined Weak Reference
    _signal_finish                            - Undefined Weak Reference
    _signal_init                              - Undefined Weak Reference
    _terminate_alloc                          - Undefined Weak Reference
    _terminate_user_alloc                     - Undefined Weak Reference
    _terminateio                              - Undefined Weak Reference
    __Vectors_Size                           0x000000ec   Number         0  startup_stm32f10x_md.o ABSOLUTE
    __Vectors                                0x08000000   Data           4  startup_stm32f10x_md.o(RESET)
    __Vectors_End                            0x080000ec   Data           0  startup_stm32f10x_md.o(RESET)
    __main                                   0x080000ed   Thumb Code     8  __main.o(!!!main)
    __scatterload                            0x080000f5   Thumb Code     0  __scatter.o(!!!scatter)
    __scatterload_rt2                        0x080000f5   Thumb Code    44  __scatter.o(!!!scatter)
    __scatterload_rt2_thumb_only             0x080000f5   Thumb Code     0  __scatter.o(!!!scatter)
    __scatterload_null                       0x08000103   Thumb Code     0  __scatter.o(!!!scatter)
    __scatterload_copy                       0x08000129   Thumb Code    26  __scatter_copy.o(!!handler_copy)
    __scatterload_zeroinit                   0x08000145   Thumb Code    28  __scatter_zi.o(!!handler_zi)
    __rt_lib_init                            0x08000161   Thumb Code     0  libinit.o(.ARM.Collect$$libinit$$00000000)
    __rt_lib_init_alloca_1                   0x08000163   Thumb Code     0  libinit2.o(.ARM.Collect$$libinit$$0000002E)
    __rt_lib_init_argv_1                     0x08000163   Thumb Code     0  libinit2.o(.ARM.Collect$$libinit$$0000002C)
    __rt_lib_init_atexit_1                   0x08000163   Thumb Code     0  libinit2.o(.ARM.Collect$$libinit$$0000001B)
    __rt_lib_init_clock_1                    0x08000163   Thumb Code     0  libinit2.o(.ARM.Collect$$libinit$$00000021)
    __rt_lib_init_cpp_1                      0x08000163   Thumb Code     0  libinit2.o(.ARM.Collect$$libinit$$00000032)
    __rt_lib_init_exceptions_1               0x08000163   Thumb Code     0  libinit2.o(.ARM.Collect$$libinit$$00000030)
    __rt_lib_init_fp_1                       0x08000163   Thumb Code     0  libinit2.o(.ARM.Collect$$libinit$$00000002)
    __rt_lib_init_fp_trap_1                  0x08000163   Thumb Code     0  libinit2.o(.ARM.Collect$$libinit$$0000001F)
    __rt_lib_init_getenv_1                   0x08000163   Thumb Code     0  libinit2.o(.ARM.Collect$$libinit$$00000023)
    __rt_lib_init_heap_1                     0x08000163   Thumb Code     0  libinit2.o(.ARM.Collect$$libinit$$0000000A)
    __rt_lib_init_lc_collate_1               0x08000163   Thumb Code     0  libinit2.o(.ARM.Collect$$libinit$$00000011)
    __rt_lib_init_lc_ctype_1                 0x08000163   Thumb Code     0  libinit2.o(.ARM.Collect$$libinit$$00000013)
    __rt_lib_init_lc_monetary_1              0x08000163   Thumb Code     0  libinit2.o(.ARM.Collect$$libinit$$00000015)
    __rt_lib_init_lc_numeric_1               0x08000163   Thumb Code     0  libinit2.o(.ARM.Collect$$libinit$$00000017)
    __rt_lib_init_lc_time_1                  0x08000163   Thumb Code     0  libinit2.o(.ARM.Collect$$libinit$$00000019)
    __rt_lib_init_preinit_1                  0x08000163   Thumb Code     0  libinit2.o(.ARM.Collect$$libinit$$00000004)
    __rt_lib_init_rand_1                     0x08000163   Thumb Code     0  libinit2.o(.ARM.Collect$$libinit$$0000000E)
    __rt_lib_init_return                     0x08000163   Thumb Code     0  libinit2.o(.ARM.Collect$$libinit$$00000033)
    __rt_lib_init_signal_1                   0x08000163   Thumb Code     0  libinit2.o(.ARM.Collect$$libinit$$0000001D)
    __rt_lib_init_stdio_1                    0x08000163   Thumb Code     0  libinit2.o(.ARM.Collect$$libinit$$00000025)
    __rt_lib_init_user_alloc_1               0x08000163   Thumb Code     0  libinit2.o(.ARM.Collect$$libinit$$0000000C)
    __rt_lib_shutdown                        0x08000165   Thumb Code     0  libshutdown.o(.ARM.Collect$$libshutdown$$00000000)
    __rt_lib_shutdown_cpp_1                  0x08000167   Thumb Code     0  libshutdown2.o(.ARM.Collect$$libshutdown$$00000004)
    __rt_lib_shutdown_fini_1                 0x08000167   Thumb Code     0  libshutdown2.o(.ARM.Collect$$libshutdown$$00000002)
    __rt_lib_shutdown_fp_trap_1              0x08000167   Thumb Code     0  libshutdown2.o(.ARM.Collect$$libshutdown$$00000009)
    __rt_lib_shutdown_heap_1                 0x08000167   Thumb Code     0  libshutdown2.o(.ARM.Collect$$libshutdown$$00000011)
    __rt_lib_shutdown_return                 0x08000167   Thumb Code     0  libshutdown2.o(.ARM.Collect$$libshutdown$$00000012)
    __rt_lib_shutdown_signal_1               0x08000167   Thumb Code     0  libshutdown2.o(.ARM.Collect$$libshutdown$$0000000C)
    __rt_lib_shutdown_stdio_1                0x08000167   Thumb Code     0  libshutdown2.o(.ARM.Collect$$libshutdown$$00000006)
    __rt_lib_shutdown_user_alloc_1           0x08000167   Thumb Code     0  libshutdown2.o(.ARM.Collect$$libshutdown$$0000000E)
    __rt_entry                               0x08000169   Thumb Code     0  __rtentry.o(.ARM.Collect$$rtentry$$00000000)
    __rt_entry_presh_1                       0x08000169   Thumb Code     0  __rtentry2.o(.ARM.Collect$$rtentry$$00000002)
    __rt_entry_sh                            0x08000169   Thumb Code     0  __rtentry4.o(.ARM.Collect$$rtentry$$00000004)
    __rt_entry_li                            0x0800016f   Thumb Code     0  __rtentry2.o(.ARM.Collect$$rtentry$$0000000A)
    __rt_entry_postsh_1                      0x0800016f   Thumb Code     0  __rtentry2.o(.ARM.Collect$$rtentry$$00000009)
    __rt_entry_main                          0x08000173   Thumb Code     0  __rtentry2.o(.ARM.Collect$$rtentry$$0000000D)
    __rt_entry_postli_1                      0x08000173   Thumb Code     0  __rtentry2.o(.ARM.Collect$$rtentry$$0000000C)
    __rt_exit                                0x0800017b   Thumb Code     0  rtexit.o(.ARM.Collect$$rtexit$$00000000)
    __rt_exit_ls                             0x0800017d   Thumb Code     0  rtexit2.o(.ARM.Collect$$rtexit$$00000003)
    __rt_exit_prels_1                        0x0800017d   Thumb Code     0  rtexit2.o(.ARM.Collect$$rtexit$$00000002)
    __rt_exit_exit                           0x08000181   Thumb Code     0  rtexit2.o(.ARM.Collect$$rtexit$$00000004)
    SVC_Handler                              0x08000189   Thumb Code    32  port.o(.emb_text)
    __asm___6_port_c_39a90d8d__prvStartFirstTask 0x080001ad   Thumb Code    28  port.o(.emb_text)
    PendSV_Handler                           0x080001cd   Thumb Code    72  port.o(.emb_text)
    vPortGetIPSR                             0x08000219   Thumb Code     6  port.o(.emb_text)
    Reset_Handler                            0x08000221   Thumb Code     8  startup_stm32f10x_md.o(.text)
    ADC1_2_IRQHandler                        0x0800023b   Thumb Code     0  startup_stm32f10x_md.o(.text)
    CAN1_RX1_IRQHandler                      0x0800023b   Thumb Code     0  startup_stm32f10x_md.o(.text)
    CAN1_SCE_IRQHandler                      0x0800023b   Thumb Code     0  startup_stm32f10x_md.o(.text)
    DMA1_Channel1_IRQHandler                 0x0800023b   Thumb Code     0  startup_stm32f10x_md.o(.text)
    DMA1_Channel2_IRQHandler                 0x0800023b   Thumb Code     0  startup_stm32f10x_md.o(.text)
    DMA1_Channel3_IRQHandler                 0x0800023b   Thumb Code     0  startup_stm32f10x_md.o(.text)
    DMA1_Channel4_IRQHandler                 0x0800023b   Thumb Code     0  startup_stm32f10x_md.o(.text)
    DMA1_Channel5_IRQHandler                 0x0800023b   Thumb Code     0  startup_stm32f10x_md.o(.text)
    DMA1_Channel6_IRQHandler                 0x0800023b   Thumb Code     0  startup_stm32f10x_md.o(.text)
    DMA1_Channel7_IRQHandler                 0x0800023b   Thumb Code     0  startup_stm32f10x_md.o(.text)
    EXTI0_IRQHandler                         0x0800023b   Thumb Code     0  startup_stm32f10x_md.o(.text)
    EXTI15_10_IRQHandler                     0x0800023b   Thumb Code     0  startup_stm32f10x_md.o(.text)
    EXTI1_IRQHandler                         0x0800023b   Thumb Code     0  startup_stm32f10x_md.o(.text)
    EXTI2_IRQHandler                         0x0800023b   Thumb Code     0  startup_stm32f10x_md.o(.text)
    EXTI3_IRQHandler                         0x0800023b   Thumb Code     0  startup_stm32f10x_md.o(.text)
    EXTI4_IRQHandler                         0x0800023b   Thumb Code     0  startup_stm32f10x_md.o(.text)
    EXTI9_5_IRQHandler                       0x0800023b   Thumb Code     0  startup_stm32f10x_md.o(.text)
    FLASH_IRQHandler                         0x0800023b   Thumb Code     0  startup_stm32f10x_md.o(.text)
    I2C1_ER_IRQHandler                       0x0800023b   Thumb Code     0  startup_stm32f10x_md.o(.text)
    I2C1_EV_IRQHandler                       0x0800023b   Thumb Code     0  startup_stm32f10x_md.o(.text)
    I2C2_ER_IRQHandler                       0x0800023b   Thumb Code     0  startup_stm32f10x_md.o(.text)
    I2C2_EV_IRQHandler                       0x0800023b   Thumb Code     0  startup_stm32f10x_md.o(.text)
    PVD_IRQHandler                           0x0800023b   Thumb Code     0  startup_stm32f10x_md.o(.text)
    RCC_IRQHandler                           0x0800023b   Thumb Code     0  startup_stm32f10x_md.o(.text)
    RTCAlarm_IRQHandler                      0x0800023b   Thumb Code     0  startup_stm32f10x_md.o(.text)
    RTC_IRQHandler                           0x0800023b   Thumb Code     0  startup_stm32f10x_md.o(.text)
    SPI1_IRQHandler                          0x0800023b   Thumb Code     0  startup_stm32f10x_md.o(.text)
    SPI2_IRQHandler                          0x0800023b   Thumb Code     0  startup_stm32f10x_md.o(.text)
    TAMPER_IRQHandler                        0x0800023b   Thumb Code     0  startup_stm32f10x_md.o(.text)
    TIM1_BRK_IRQHandler                      0x0800023b   Thumb Code     0  startup_stm32f10x_md.o(.text)
    TIM1_CC_IRQHandler                       0x0800023b   Thumb Code     0  startup_stm32f10x_md.o(.text)
    TIM1_TRG_COM_IRQHandler                  0x0800023b   Thumb Code     0  startup_stm32f10x_md.o(.text)
    TIM1_UP_IRQHandler                       0x0800023b   Thumb Code     0  startup_stm32f10x_md.o(.text)
    TIM2_IRQHandler                          0x0800023b   Thumb Code     0  startup_stm32f10x_md.o(.text)
    TIM3_IRQHandler                          0x0800023b   Thumb Code     0  startup_stm32f10x_md.o(.text)
    TIM4_IRQHandler                          0x0800023b   Thumb Code     0  startup_stm32f10x_md.o(.text)
    USART2_IRQHandler                        0x0800023b   Thumb Code     0  startup_stm32f10x_md.o(.text)
    USART3_IRQHandler                        0x0800023b   Thumb Code     0  startup_stm32f10x_md.o(.text)
    USBWakeUp_IRQHandler                     0x0800023b   Thumb Code     0  startup_stm32f10x_md.o(.text)
    USB_HP_CAN1_TX_IRQHandler                0x0800023b   Thumb Code     0  startup_stm32f10x_md.o(.text)
    USB_LP_CAN1_RX0_IRQHandler               0x0800023b   Thumb Code     0  startup_stm32f10x_md.o(.text)
    WWDG_IRQHandler                          0x0800023b   Thumb Code     0  startup_stm32f10x_md.o(.text)
    __user_initial_stackheap                 0x0800023d   Thumb Code     0  startup_stm32f10x_md.o(.text)
    __use_no_semihosting                     0x08000261   Thumb Code     2  use_no_semi_2.o(.text)
    __aeabi_memcpy                           0x08000263   Thumb Code     0  rt_memcpy_v6.o(.text)
    __rt_memcpy                              0x08000263   Thumb Code   138  rt_memcpy_v6.o(.text)
    _memcpy_lastbytes                        0x080002c9   Thumb Code     0  rt_memcpy_v6.o(.text)
    __aeabi_memset                           0x080002ed   Thumb Code    16  aeabi_memset.o(.text)
    __aeabi_memclr4                          0x080002fd   Thumb Code     0  rt_memclr_w.o(.text)
    __aeabi_memclr8                          0x080002fd   Thumb Code     0  rt_memclr_w.o(.text)
    __rt_memclr_w                            0x080002fd   Thumb Code    78  rt_memclr_w.o(.text)
    _memset_w                                0x08000301   Thumb Code     0  rt_memclr_w.o(.text)
    __use_two_region_memory                  0x0800034b   Thumb Code     2  heapauxi.o(.text)
    __rt_heap_escrow$2region                 0x0800034d   Thumb Code     2  heapauxi.o(.text)
    __rt_heap_expand$2region                 0x0800034f   Thumb Code     2  heapauxi.o(.text)
    __I$use$semihosting                      0x08000351   Thumb Code     0  use_no_semi.o(.text)
    __use_no_semihosting_swi                 0x08000351   Thumb Code     2  use_no_semi.o(.text)
    __aeabi_memcpy4                          0x08000353   Thumb Code     0  rt_memcpy_w.o(.text)
    __aeabi_memcpy8                          0x08000353   Thumb Code     0  rt_memcpy_w.o(.text)
    __rt_memcpy_w                            0x08000353   Thumb Code   100  rt_memcpy_w.o(.text)
    _memcpy_lastbytes_aligned                0x0800039b   Thumb Code     0  rt_memcpy_w.o(.text)
    __aeabi_memclr                           0x080003b7   Thumb Code     0  rt_memclr.o(.text)
    __rt_memclr                              0x080003b7   Thumb Code    68  rt_memclr.o(.text)
    _memset                                  0x080003bb   Thumb Code     0  rt_memclr.o(.text)
    __user_setup_stackheap                   0x080003fb   Thumb Code    74  sys_stackheap_outer.o(.text)
    exit                                     0x08000445   Thumb Code    18  exit.o(.text)
    __user_libspace                          0x08000459   Thumb Code     8  libspace.o(.text)
    __user_perproc_libspace                  0x08000459   Thumb Code     0  libspace.o(.text)
    __user_perthread_libspace                0x08000459   Thumb Code     0  libspace.o(.text)
    BusFault_Handler                         0x08000461   Thumb Code     4  stm32f10x_it.o(i.BusFault_Handler)
    DebugMon_Handler                         0x08000465   Thumb Code     2  stm32f10x_it.o(i.DebugMon_Handler)
    GPIO_Init                                0x08000467   Thumb Code   278  stm32f10x_gpio.o(i.GPIO_Init)
    GPIO_PinRemapConfig                      0x0800057d   Thumb Code   138  stm32f10x_gpio.o(i.GPIO_PinRemapConfig)
    GPIO_SetBits                             0x0800060d   Thumb Code     4  stm32f10x_gpio.o(i.GPIO_SetBits)
    HardFault_Handler                        0x08000611   Thumb Code     4  stm32f10x_it.o(i.HardFault_Handler)
    Init_1_HX711pin                          0x08000615   Thumb Code    66  bsp_hx711_1.o(i.Init_1_HX711pin)
    MemManage_Handler                        0x0800065d   Thumb Code     4  stm32f10x_it.o(i.MemManage_Handler)
    NMI_Handler                              0x08000661   Thumb Code     2  stm32f10x_it.o(i.NMI_Handler)
    NVIC_Init                                0x08000665   Thumb Code   100  misc.o(i.NVIC_Init)
    RCC_APB1PeriphClockCmd                   0x080006d5   Thumb Code    26  stm32f10x_rcc.o(i.RCC_APB1PeriphClockCmd)
    RCC_APB2PeriphClockCmd                   0x080006f5   Thumb Code    26  stm32f10x_rcc.o(i.RCC_APB2PeriphClockCmd)
    RCC_GetClocksFreq                        0x08000715   Thumb Code   192  stm32f10x_rcc.o(i.RCC_GetClocksFreq)
    SysTick_CLKSourceConfig                  0x080008d1   Thumb Code    40  misc.o(i.SysTick_CLKSourceConfig)
    SysTick_Handler                          0x080008f9   Thumb Code    16  delay.o(i.SysTick_Handler)
    SystemInit                               0x08000909   Thumb Code    78  system_stm32f10x.o(i.SystemInit)
    TIM_Cmd                                  0x08000969   Thumb Code    24  stm32f10x_tim.o(i.TIM_Cmd)
    TIM_OC1Init                              0x08000981   Thumb Code   132  stm32f10x_tim.o(i.TIM_OC1Init)
    TIM_OC1PreloadConfig                     0x08000a19   Thumb Code    18  stm32f10x_tim.o(i.TIM_OC1PreloadConfig)
    TIM_OC2Init                              0x08000a2d   Thumb Code   154  stm32f10x_tim.o(i.TIM_OC2Init)
    TIM_OC2PreloadConfig                     0x08000ad1   Thumb Code    26  stm32f10x_tim.o(i.TIM_OC2PreloadConfig)
    TIM_OC3Init                              0x08000aed   Thumb Code   150  stm32f10x_tim.o(i.TIM_OC3Init)
    TIM_OC3PreloadConfig                     0x08000b8d   Thumb Code    18  stm32f10x_tim.o(i.TIM_OC3PreloadConfig)
    TIM_SetCompare1                          0x08000b9f   Thumb Code     4  stm32f10x_tim.o(i.TIM_SetCompare1)
    TIM_SetCompare2                          0x08000ba3   Thumb Code     4  stm32f10x_tim.o(i.TIM_SetCompare2)
    TIM_SetCompare3                          0x08000ba7   Thumb Code     4  stm32f10x_tim.o(i.TIM_SetCompare3)
    TIM_TimeBaseInit                         0x08000bad   Thumb Code   122  stm32f10x_tim.o(i.TIM_TimeBaseInit)
    USART1_IRQHandler                        0x08000c51   Thumb Code   122  bsp_usart.o(i.USART1_IRQHandler)
    USART_Cmd                                0x08000cd9   Thumb Code    24  stm32f10x_usart.o(i.USART_Cmd)
    USART_GetITStatus                        0x08000cf1   Thumb Code    84  stm32f10x_usart.o(i.USART_GetITStatus)
    USART_ITConfig                           0x08000d45   Thumb Code    74  stm32f10x_usart.o(i.USART_ITConfig)
    USART_Init                               0x08000d91   Thumb Code   210  stm32f10x_usart.o(i.USART_Init)
    USART_ReceiveData                        0x08000e69   Thumb Code    10  stm32f10x_usart.o(i.USART_ReceiveData)
    UsageFault_Handler                       0x08000e73   Thumb Code     4  stm32f10x_it.o(i.UsageFault_Handler)
    Weight_task                              0x08000e79   Thumb Code   330  start_task.o(i.Weight_task)
    _sys_exit                                0x08000ff1   Thumb Code     4  bsp_usart.o(i._sys_exit)
    create_start_task                        0x08000ff5   Thumb Code    24  start_task.o(i.create_start_task)
    delay_init                               0x08001021   Thumb Code    74  delay.o(i.delay_init)
    main                                     0x0800107d   Thumb Code    78  main.o(i.main)
    mx_led_init                              0x080010dd   Thumb Code    48  bsp_led.o(i.mx_led_init)
    mx_tim3_init                             0x08001111   Thumb Code   206  bsp_rgb.o(i.mx_tim3_init)
    mx_tim4_init                             0x080011ed   Thumb Code   208  bsp_rgb.o(i.mx_tim4_init)
    mx_uart_init                             0x080012c5   Thumb Code   154  bsp_usart.o(i.mx_uart_init)
    pvPortMalloc                             0x08001cf1   Thumb Code   188  heap_4.o(i.pvPortMalloc)
    pxPortInitialiseStack                    0x08001dc1   Thumb Code    30  port.o(i.pxPortInitialiseStack)
    start_task                               0x08001de5   Thumb Code    42  start_task.o(i.start_task)
    uxListRemove                             0x08001e29   Thumb Code    40  list.o(i.uxListRemove)
    vListInitialise                          0x08001e51   Thumb Code    26  list.o(i.vListInitialise)
    vListInitialiseItem                      0x08001e6b   Thumb Code     6  list.o(i.vListInitialiseItem)
    vListInsert                              0x08001e71   Thumb Code    52  list.o(i.vListInsert)
    vListInsertEnd                           0x08001ea5   Thumb Code    24  list.o(i.vListInsertEnd)
    vPortEnterCritical                       0x08001ebd   Thumb Code    30  port.o(i.vPortEnterCritical)
    vPortExitCritical                        0x08001ee1   Thumb Code    28  port.o(i.vPortExitCritical)
    vPortFree                                0x08001f01   Thumb Code    64  heap_4.o(i.vPortFree)
    vPortSetupTimerInterrupt                 0x08001f49   Thumb Code    36  port.o(i.vPortSetupTimerInterrupt)
    vQueueAddToRegistry                      0x08001f71   Thumb Code    38  queue.o(i.vQueueAddToRegistry)
    vQueueWaitForMessageRestricted           0x08001f9d   Thumb Code    74  queue.o(i.vQueueWaitForMessageRestricted)
    vTaskDelay                               0x08001fe9   Thumb Code    46  tasks.o(i.vTaskDelay)
    vTaskDelete                              0x0800201d   Thumb Code   166  tasks.o(i.vTaskDelete)
    vTaskInternalSetTimeOutState             0x080020e9   Thumb Code    14  tasks.o(i.vTaskInternalSetTimeOutState)
    vTaskMissedYield                         0x08002101   Thumb Code     8  tasks.o(i.vTaskMissedYield)
    vTaskPlaceOnEventList                    0x0800210d   Thumb Code    28  tasks.o(i.vTaskPlaceOnEventList)
    vTaskPlaceOnEventListRestricted          0x0800212d   Thumb Code    36  tasks.o(i.vTaskPlaceOnEventListRestricted)
    vTaskStartScheduler                      0x08002155   Thumb Code    82  tasks.o(i.vTaskStartScheduler)
    vTaskSuspendAll                          0x080021c5   Thumb Code    12  tasks.o(i.vTaskSuspendAll)
    vTaskSwitchContext                       0x080021d5   Thumb Code    76  tasks.o(i.vTaskSwitchContext)
    xPortStartScheduler                      0x08002235   Thumb Code    42  port.o(i.xPortStartScheduler)
    xPortSysTickHandler                      0x08002269   Thumb Code    46  port.o(i.xPortSysTickHandler)
    xQueueGenericCreate                      0x0800229d   Thumb Code    58  queue.o(i.xQueueGenericCreate)
    xQueueGenericReset                       0x080022d9   Thumb Code   122  queue.o(i.xQueueGenericReset)
    xQueueGenericSend                        0x08002359   Thumb Code   324  queue.o(i.xQueueGenericSend)
    xQueueGenericSendFromISR                 0x080024a1   Thumb Code   156  queue.o(i.xQueueGenericSendFromISR)
    xQueueReceive                            0x0800253d   Thumb Code   256  queue.o(i.xQueueReceive)
    xTaskCheckForTimeOut                     0x08002641   Thumb Code    84  tasks.o(i.xTaskCheckForTimeOut)
    xTaskCreate                              0x0800269d   Thumb Code    96  tasks.o(i.xTaskCreate)
    xTaskGetSchedulerState                   0x080026fd   Thumb Code    24  tasks.o(i.xTaskGetSchedulerState)
    xTaskGetTickCount                        0x0800271d   Thumb Code     6  tasks.o(i.xTaskGetTickCount)
    xTaskIncrementTick                       0x08002729   Thumb Code   238  tasks.o(i.xTaskIncrementTick)
    xTaskPriorityDisinherit                  0x08002845   Thumb Code   122  tasks.o(i.xTaskPriorityDisinherit)
    xTaskRemoveFromEventList                 0x080028c9   Thumb Code   104  tasks.o(i.xTaskRemoveFromEventList)
    xTaskResumeAll                           0x08002949   Thumb Code   196  tasks.o(i.xTaskResumeAll)
    xTimerCreateTimerTask                    0x08002a31   Thumb Code    40  timers.o(i.xTimerCreateTimerTask)
    xTimerGenericCommand                     0x08002a6d   Thumb Code   104  timers.o(i.xTimerGenericCommand)
    __fpl_fcmp_Inf                           0x08002ad9   Thumb Code    24  fcmpi.o(x$fpl$fcmpinf)
    __aeabi_cfcmple                          0x08002af1   Thumb Code     0  fleqf.o(x$fpl$fleqf)
    _fcmple                                  0x08002af1   Thumb Code   104  fleqf.o(x$fpl$fleqf)
    __fpl_fcmple_InfNaN                      0x08002b43   Thumb Code     0  fleqf.o(x$fpl$fleqf)
    __fpl_fnaninf                            0x08002b59   Thumb Code   140  fnaninf.o(x$fpl$fnaninf)
    __aeabi_cfrcmple                         0x08002be5   Thumb Code     0  frleqf.o(x$fpl$frleqf)
    _frcmple                                 0x08002be5   Thumb Code    98  frleqf.o(x$fpl$frleqf)
    __I$use$fp                               0x08002c46   Number         0  usenofp.o(x$fpl$usenofp)
    Region$$Table$$Base                      0x08002c48   Number         0  anon$$obj.o(Region$$Table)
    Region$$Table$$Limit                     0x08002c68   Number         0  anon$$obj.o(Region$$Table)
    pxCurrentTCB                             0x20000000   Data           4  tasks.o(.data)
    Info_Get_Task_Handler                    0x20000084   Data           4  start_task.o(.data)
    Start_Task_Handler                       0x20000088   Data           4  start_task.o(.data)
    Weight_Task_Handler                      0x2000008c   Data           4  start_task.o(.data)
    Led1_Task_Handler                        0x20000090   Data           4  start_task.o(.data)
    Oled_Task_Handler                        0x20000094   Data           4  start_task.o(.data)
    all_widget                               0x20000098   Data           4  start_task.o(.data)
    count                                    0x2000009c   Data           4  start_task.o(.data)
    timer                                    0x200000a0   Data           4  start_task.o(.data)
    Effective_hit                            0x200000a4   Data           1  start_task.o(.data)
    hit_count                                0x200000a8   Data           4  start_task.o(.data)
    timer_star_it                            0x200000ac   Data           1  start_task.o(.data)
    SystemCoreClock                          0x200000b0   Data           4  system_stm32f10x.o(.data)
    AHBPrescTable                            0x200000b4   Data          16  system_stm32f10x.o(.data)
    __stdout                                 0x200000c4   Data           4  bsp_usart.o(.data)
    USART_RX_STA                             0x200000c8   Data           2  bsp_usart.o(.data)
    xQueueRegistry                           0x200000cc   Data          64  queue.o(.bss)
    RCC_Clocks                               0x20003418   Data          20  main.o(.bss)
    USART_RX_BUF                             0x2000342c   Data         200  bsp_usart.o(.bss)
    __libspace_start                         0x200034f4   Data          96  libspace.o(.bss)
    __temporary_stack_top$libspace           0x20003554   Data           0  libspace.o(.bss)



==============================================================================

Memory Map of the image

  Image Entry point : 0x080000ed

  Load Region LR_IROM1 (Base: 0x08000000, Size: 0x00002d34, Max: 0x00010000, ABSOLUTE)

    Execution Region ER_IROM1 (Exec base: 0x08000000, Load base: 0x08000000, Size: 0x00002c68, Max: 0x00010000, ABSOLUTE)

    Exec Addr    Load Addr    Size         Type   Attr      Idx    E Section Name        Object

    0x08000000   0x08000000   0x000000ec   Data   RO           19    RESET               startup_stm32f10x_md.o
    0x080000ec   0x080000ec   0x00000008   Code   RO         4835  * !!!main             c_w.l(__main.o)
    0x080000f4   0x080000f4   0x00000034   Code   RO         5036    !!!scatter          c_w.l(__scatter.o)
    0x08000128   0x08000128   0x0000001a   Code   RO         5038    !!handler_copy      c_w.l(__scatter_copy.o)
    0x08000142   0x08000142   0x00000002   PAD
    0x08000144   0x08000144   0x0000001c   Code   RO         5040    !!handler_zi        c_w.l(__scatter_zi.o)
    0x08000160   0x08000160   0x00000002   Code   RO         4908    .ARM.Collect$$libinit$$00000000  c_w.l(libinit.o)
    0x08000162   0x08000162   0x00000000   Code   RO         4915    .ARM.Collect$$libinit$$00000002  c_w.l(libinit2.o)
    0x08000162   0x08000162   0x00000000   Code   RO         4917    .ARM.Collect$$libinit$$00000004  c_w.l(libinit2.o)
    0x08000162   0x08000162   0x00000000   Code   RO         4920    .ARM.Collect$$libinit$$0000000A  c_w.l(libinit2.o)
    0x08000162   0x08000162   0x00000000   Code   RO         4922    .ARM.Collect$$libinit$$0000000C  c_w.l(libinit2.o)
    0x08000162   0x08000162   0x00000000   Code   RO         4924    .ARM.Collect$$libinit$$0000000E  c_w.l(libinit2.o)
    0x08000162   0x08000162   0x00000000   Code   RO         4927    .ARM.Collect$$libinit$$00000011  c_w.l(libinit2.o)
    0x08000162   0x08000162   0x00000000   Code   RO         4929    .ARM.Collect$$libinit$$00000013  c_w.l(libinit2.o)
    0x08000162   0x08000162   0x00000000   Code   RO         4931    .ARM.Collect$$libinit$$00000015  c_w.l(libinit2.o)
    0x08000162   0x08000162   0x00000000   Code   RO         4933    .ARM.Collect$$libinit$$00000017  c_w.l(libinit2.o)
    0x08000162   0x08000162   0x00000000   Code   RO         4935    .ARM.Collect$$libinit$$00000019  c_w.l(libinit2.o)
    0x08000162   0x08000162   0x00000000   Code   RO         4937    .ARM.Collect$$libinit$$0000001B  c_w.l(libinit2.o)
    0x08000162   0x08000162   0x00000000   Code   RO         4939    .ARM.Collect$$libinit$$0000001D  c_w.l(libinit2.o)
    0x08000162   0x08000162   0x00000000   Code   RO         4941    .ARM.Collect$$libinit$$0000001F  c_w.l(libinit2.o)
    0x08000162   0x08000162   0x00000000   Code   RO         4943    .ARM.Collect$$libinit$$00000021  c_w.l(libinit2.o)
    0x08000162   0x08000162   0x00000000   Code   RO         4945    .ARM.Collect$$libinit$$00000023  c_w.l(libinit2.o)
    0x08000162   0x08000162   0x00000000   Code   RO         4947    .ARM.Collect$$libinit$$00000025  c_w.l(libinit2.o)
    0x08000162   0x08000162   0x00000000   Code   RO         4951    .ARM.Collect$$libinit$$0000002C  c_w.l(libinit2.o)
    0x08000162   0x08000162   0x00000000   Code   RO         4953    .ARM.Collect$$libinit$$0000002E  c_w.l(libinit2.o)
    0x08000162   0x08000162   0x00000000   Code   RO         4955    .ARM.Collect$$libinit$$00000030  c_w.l(libinit2.o)
    0x08000162   0x08000162   0x00000000   Code   RO         4957    .ARM.Collect$$libinit$$00000032  c_w.l(libinit2.o)
    0x08000162   0x08000162   0x00000002   Code   RO         4958    .ARM.Collect$$libinit$$00000033  c_w.l(libinit2.o)
    0x08000164   0x08000164   0x00000002   Code   RO         4976    .ARM.Collect$$libshutdown$$00000000  c_w.l(libshutdown.o)
    0x08000166   0x08000166   0x00000000   Code   RO         4986    .ARM.Collect$$libshutdown$$00000002  c_w.l(libshutdown2.o)
    0x08000166   0x08000166   0x00000000   Code   RO         4988    .ARM.Collect$$libshutdown$$00000004  c_w.l(libshutdown2.o)
    0x08000166   0x08000166   0x00000000   Code   RO         4990    .ARM.Collect$$libshutdown$$00000006  c_w.l(libshutdown2.o)
    0x08000166   0x08000166   0x00000000   Code   RO         4993    .ARM.Collect$$libshutdown$$00000009  c_w.l(libshutdown2.o)
    0x08000166   0x08000166   0x00000000   Code   RO         4996    .ARM.Collect$$libshutdown$$0000000C  c_w.l(libshutdown2.o)
    0x08000166   0x08000166   0x00000000   Code   RO         4998    .ARM.Collect$$libshutdown$$0000000E  c_w.l(libshutdown2.o)
    0x08000166   0x08000166   0x00000000   Code   RO         5001    .ARM.Collect$$libshutdown$$00000011  c_w.l(libshutdown2.o)
    0x08000166   0x08000166   0x00000002   Code   RO         5002    .ARM.Collect$$libshutdown$$00000012  c_w.l(libshutdown2.o)
    0x08000168   0x08000168   0x00000000   Code   RO         4855    .ARM.Collect$$rtentry$$00000000  c_w.l(__rtentry.o)
    0x08000168   0x08000168   0x00000000   Code   RO         4881    .ARM.Collect$$rtentry$$00000002  c_w.l(__rtentry2.o)
    0x08000168   0x08000168   0x00000006   Code   RO         4893    .ARM.Collect$$rtentry$$00000004  c_w.l(__rtentry4.o)
    0x0800016e   0x0800016e   0x00000000   Code   RO         4883    .ARM.Collect$$rtentry$$00000009  c_w.l(__rtentry2.o)
    0x0800016e   0x0800016e   0x00000004   Code   RO         4884    .ARM.Collect$$rtentry$$0000000A  c_w.l(__rtentry2.o)
    0x08000172   0x08000172   0x00000000   Code   RO         4886    .ARM.Collect$$rtentry$$0000000C  c_w.l(__rtentry2.o)
    0x08000172   0x08000172   0x00000008   Code   RO         4887    .ARM.Collect$$rtentry$$0000000D  c_w.l(__rtentry2.o)
    0x0800017a   0x0800017a   0x00000002   Code   RO         4912    .ARM.Collect$$rtexit$$00000000  c_w.l(rtexit.o)
    0x0800017c   0x0800017c   0x00000000   Code   RO         4960    .ARM.Collect$$rtexit$$00000002  c_w.l(rtexit2.o)
    0x0800017c   0x0800017c   0x00000004   Code   RO         4961    .ARM.Collect$$rtexit$$00000003  c_w.l(rtexit2.o)
    0x08000180   0x08000180   0x00000006   Code   RO         4962    .ARM.Collect$$rtexit$$00000004  c_w.l(rtexit2.o)
    0x08000186   0x08000186   0x00000002   PAD
    0x08000188   0x08000188   0x00000096   Code   RO         1247    .emb_text           port.o
    0x0800021e   0x0800021e   0x00000002   PAD
    0x08000220   0x08000220   0x00000040   Code   RO           20    .text               startup_stm32f10x_md.o
    0x08000260   0x08000260   0x00000002   Code   RO         4788    .text               c_w.l(use_no_semi_2.o)
    0x08000262   0x08000262   0x0000008a   Code   RO         4827    .text               c_w.l(rt_memcpy_v6.o)
    0x080002ec   0x080002ec   0x00000010   Code   RO         4829    .text               c_w.l(aeabi_memset.o)
    0x080002fc   0x080002fc   0x0000004e   Code   RO         4831    .text               c_w.l(rt_memclr_w.o)
    0x0800034a   0x0800034a   0x00000006   Code   RO         4833    .text               c_w.l(heapauxi.o)
    0x08000350   0x08000350   0x00000002   Code   RO         4853    .text               c_w.l(use_no_semi.o)
    0x08000352   0x08000352   0x00000064   Code   RO         4865    .text               c_w.l(rt_memcpy_w.o)
    0x080003b6   0x080003b6   0x00000044   Code   RO         4867    .text               c_w.l(rt_memclr.o)
    0x080003fa   0x080003fa   0x0000004a   Code   RO         4899    .text               c_w.l(sys_stackheap_outer.o)
    0x08000444   0x08000444   0x00000012   Code   RO         4901    .text               c_w.l(exit.o)
    0x08000456   0x08000456   0x00000002   PAD
    0x08000458   0x08000458   0x00000008   Code   RO         4909    .text               c_w.l(libspace.o)
    0x08000460   0x08000460   0x00000004   Code   RO         4483    i.BusFault_Handler  stm32f10x_it.o
    0x08000464   0x08000464   0x00000002   Code   RO         4484    i.DebugMon_Handler  stm32f10x_it.o
    0x08000466   0x08000466   0x00000116   Code   RO         2518    i.GPIO_Init         stm32f10x_gpio.o
    0x0800057c   0x0800057c   0x00000090   Code   RO         2520    i.GPIO_PinRemapConfig  stm32f10x_gpio.o
    0x0800060c   0x0800060c   0x00000004   Code   RO         2526    i.GPIO_SetBits      stm32f10x_gpio.o
    0x08000610   0x08000610   0x00000004   Code   RO         4485    i.HardFault_Handler  stm32f10x_it.o
    0x08000614   0x08000614   0x00000048   Code   RO         4627    i.Init_1_HX711pin   bsp_hx711_1.o
    0x0800065c   0x0800065c   0x00000004   Code   RO         4486    i.MemManage_Handler  stm32f10x_it.o
    0x08000660   0x08000660   0x00000002   Code   RO         4487    i.NMI_Handler       stm32f10x_it.o
    0x08000662   0x08000662   0x00000002   PAD
    0x08000664   0x08000664   0x00000070   Code   RO         1367    i.NVIC_Init         misc.o
    0x080006d4   0x080006d4   0x00000020   Code   RO         2934    i.RCC_APB1PeriphClockCmd  stm32f10x_rcc.o
    0x080006f4   0x080006f4   0x00000020   Code   RO         2936    i.RCC_APB2PeriphClockCmd  stm32f10x_rcc.o
    0x08000714   0x08000714   0x000000d4   Code   RO         2944    i.RCC_GetClocksFreq  stm32f10x_rcc.o
    0x080007e8   0x080007e8   0x00000008   Code   RO         4528    i.SetSysClock       system_stm32f10x.o
    0x080007f0   0x080007f0   0x000000e0   Code   RO         4529    i.SetSysClockTo72   system_stm32f10x.o
    0x080008d0   0x080008d0   0x00000028   Code   RO         1371    i.SysTick_CLKSourceConfig  misc.o
    0x080008f8   0x080008f8   0x00000010   Code   RO         4362    i.SysTick_Handler   delay.o
    0x08000908   0x08000908   0x00000060   Code   RO         4531    i.SystemInit        system_stm32f10x.o
    0x08000968   0x08000968   0x00000018   Code   RO         3568    i.TIM_Cmd           stm32f10x_tim.o
    0x08000980   0x08000980   0x00000098   Code   RO         3597    i.TIM_OC1Init       stm32f10x_tim.o
    0x08000a18   0x08000a18   0x00000012   Code   RO         3600    i.TIM_OC1PreloadConfig  stm32f10x_tim.o
    0x08000a2a   0x08000a2a   0x00000002   PAD
    0x08000a2c   0x08000a2c   0x000000a4   Code   RO         3602    i.TIM_OC2Init       stm32f10x_tim.o
    0x08000ad0   0x08000ad0   0x0000001a   Code   RO         3605    i.TIM_OC2PreloadConfig  stm32f10x_tim.o
    0x08000aea   0x08000aea   0x00000002   PAD
    0x08000aec   0x08000aec   0x000000a0   Code   RO         3607    i.TIM_OC3Init       stm32f10x_tim.o
    0x08000b8c   0x08000b8c   0x00000012   Code   RO         3610    i.TIM_OC3PreloadConfig  stm32f10x_tim.o
    0x08000b9e   0x08000b9e   0x00000004   Code   RO         3629    i.TIM_SetCompare1   stm32f10x_tim.o
    0x08000ba2   0x08000ba2   0x00000004   Code   RO         3630    i.TIM_SetCompare2   stm32f10x_tim.o
    0x08000ba6   0x08000ba6   0x00000004   Code   RO         3631    i.TIM_SetCompare3   stm32f10x_tim.o
    0x08000baa   0x08000baa   0x00000002   PAD
    0x08000bac   0x08000bac   0x000000a4   Code   RO         3639    i.TIM_TimeBaseInit  stm32f10x_tim.o
    0x08000c50   0x08000c50   0x00000088   Code   RO         4574    i.USART1_IRQHandler  bsp_usart.o
    0x08000cd8   0x08000cd8   0x00000018   Code   RO         4104    i.USART_Cmd         stm32f10x_usart.o
    0x08000cf0   0x08000cf0   0x00000054   Code   RO         4108    i.USART_GetITStatus  stm32f10x_usart.o
    0x08000d44   0x08000d44   0x0000004a   Code   RO         4110    i.USART_ITConfig    stm32f10x_usart.o
    0x08000d8e   0x08000d8e   0x00000002   PAD
    0x08000d90   0x08000d90   0x000000d8   Code   RO         4111    i.USART_Init        stm32f10x_usart.o
    0x08000e68   0x08000e68   0x0000000a   Code   RO         4118    i.USART_ReceiveData  stm32f10x_usart.o
    0x08000e72   0x08000e72   0x00000004   Code   RO         4488    i.UsageFault_Handler  stm32f10x_it.o
    0x08000e76   0x08000e76   0x00000002   PAD
    0x08000e78   0x08000e78   0x00000178   Code   RO         4451    i.Weight_task       start_task.o
    0x08000ff0   0x08000ff0   0x00000004   Code   RO         4575    i._sys_exit         bsp_usart.o
    0x08000ff4   0x08000ff4   0x0000002c   Code   RO         4452    i.create_start_task  start_task.o
    0x08001020   0x08001020   0x0000005c   Code   RO         4363    i.delay_init        delay.o
    0x0800107c   0x0800107c   0x00000060   Code   RO         4403    i.main              main.o
    0x080010dc   0x080010dc   0x00000034   Code   RO         4562    i.mx_led_init       bsp_led.o
    0x08001110   0x08001110   0x000000dc   Code   RO         4768    i.mx_tim3_init      bsp_rgb.o
    0x080011ec   0x080011ec   0x000000d8   Code   RO         4769    i.mx_tim4_init      bsp_rgb.o
    0x080012c4   0x080012c4   0x000000a4   Code   RO         4577    i.mx_uart_init      bsp_usart.o
    0x08001368   0x08001368   0x00000098   Code   RO          717    i.prvAddCurrentTaskToDelayedList  tasks.o
    0x08001400   0x08001400   0x000000b8   Code   RO          718    i.prvAddNewTaskToReadyList  tasks.o
    0x080014b8   0x080014b8   0x00000064   Code   RO         1093    i.prvCheckForValidListAndQueue  timers.o
    0x0800151c   0x0800151c   0x00000048   Code   RO          719    i.prvCheckTasksWaitingTermination  tasks.o
    0x08001564   0x08001564   0x0000002a   Code   RO          305    i.prvCopyDataFromQueue  queue.o
    0x0800158e   0x0800158e   0x0000007e   Code   RO          306    i.prvCopyDataToQueue  queue.o
    0x0800160c   0x0800160c   0x00000012   Code   RO          720    i.prvDeleteTCB      tasks.o
    0x0800161e   0x0800161e   0x00000002   PAD
    0x08001620   0x08001620   0x00000028   Code   RO         1094    i.prvGetNextExpireTime  timers.o
    0x08001648   0x08001648   0x0000007c   Code   RO         1318    i.prvHeapInit       heap_4.o
    0x080016c4   0x080016c4   0x00000028   Code   RO          721    i.prvIdleTask       tasks.o
    0x080016ec   0x080016ec   0x0000002e   Code   RO          309    i.prvInitialiseNewQueue  queue.o
    0x0800171a   0x0800171a   0x0000009a   Code   RO          722    i.prvInitialiseNewTask  tasks.o
    0x080017b4   0x080017b4   0x00000068   Code   RO          723    i.prvInitialiseTaskLists  tasks.o
    0x0800181c   0x0800181c   0x00000068   Code   RO         1319    i.prvInsertBlockIntoFreeList  heap_4.o
    0x08001884   0x08001884   0x00000058   Code   RO         1096    i.prvInsertTimerInActiveList  timers.o
    0x080018dc   0x080018dc   0x0000001a   Code   RO          310    i.prvIsQueueEmpty   queue.o
    0x080018f6   0x080018f6   0x0000001e   Code   RO          311    i.prvIsQueueFull    queue.o
    0x08001914   0x08001914   0x00000052   Code   RO          312    i.prvNotifyQueueSetContainer  queue.o
    0x08001966   0x08001966   0x00000002   PAD
    0x08001968   0x08001968   0x0000005c   Code   RO         1097    i.prvProcessExpiredTimer  timers.o
    0x080019c4   0x080019c4   0x0000010c   Code   RO         1098    i.prvProcessReceivedCommands  timers.o
    0x08001ad0   0x08001ad0   0x00000074   Code   RO         1099    i.prvProcessTimerOrBlockTask  timers.o
    0x08001b44   0x08001b44   0x00000034   Code   RO          725    i.prvResetNextTaskUnblockTime  tasks.o
    0x08001b78   0x08001b78   0x0000002c   Code   RO         1100    i.prvSampleTimeNow  timers.o
    0x08001ba4   0x08001ba4   0x00000088   Code   RO         1101    i.prvSwitchTimerLists  timers.o
    0x08001c2c   0x08001c2c   0x00000016   Code   RO         1248    i.prvTaskExitError  port.o
    0x08001c42   0x08001c42   0x0000001a   Code   RO         1102    i.prvTimerTask      timers.o
    0x08001c5c   0x08001c5c   0x00000092   Code   RO          313    i.prvUnlockQueue    queue.o
    0x08001cee   0x08001cee   0x00000002   PAD
    0x08001cf0   0x08001cf0   0x000000d0   Code   RO         1320    i.pvPortMalloc      heap_4.o
    0x08001dc0   0x08001dc0   0x00000024   Code   RO         1249    i.pxPortInitialiseStack  port.o
    0x08001de4   0x08001de4   0x00000044   Code   RO         4453    i.start_task        start_task.o
    0x08001e28   0x08001e28   0x00000028   Code   RO          265    i.uxListRemove      list.o
    0x08001e50   0x08001e50   0x0000001a   Code   RO          266    i.vListInitialise   list.o
    0x08001e6a   0x08001e6a   0x00000006   Code   RO          267    i.vListInitialiseItem  list.o
    0x08001e70   0x08001e70   0x00000034   Code   RO          268    i.vListInsert       list.o
    0x08001ea4   0x08001ea4   0x00000018   Code   RO          269    i.vListInsertEnd    list.o
    0x08001ebc   0x08001ebc   0x00000024   Code   RO         1251    i.vPortEnterCritical  port.o
    0x08001ee0   0x08001ee0   0x00000020   Code   RO         1252    i.vPortExitCritical  port.o
    0x08001f00   0x08001f00   0x00000048   Code   RO         1321    i.vPortFree         heap_4.o
    0x08001f48   0x08001f48   0x00000028   Code   RO         1253    i.vPortSetupTimerInterrupt  port.o
    0x08001f70   0x08001f70   0x0000002c   Code   RO          319    i.vQueueAddToRegistry  queue.o
    0x08001f9c   0x08001f9c   0x0000004a   Code   RO          323    i.vQueueWaitForMessageRestricted  queue.o
    0x08001fe6   0x08001fe6   0x00000002   PAD
    0x08001fe8   0x08001fe8   0x00000034   Code   RO          737    i.vTaskDelay        tasks.o
    0x0800201c   0x0800201c   0x000000cc   Code   RO          739    i.vTaskDelete       tasks.o
    0x080020e8   0x080020e8   0x00000018   Code   RO          742    i.vTaskInternalSetTimeOutState  tasks.o
    0x08002100   0x08002100   0x0000000c   Code   RO          744    i.vTaskMissedYield  tasks.o
    0x0800210c   0x0800210c   0x00000020   Code   RO          746    i.vTaskPlaceOnEventList  tasks.o
    0x0800212c   0x0800212c   0x00000028   Code   RO          747    i.vTaskPlaceOnEventListRestricted  tasks.o
    0x08002154   0x08002154   0x00000070   Code   RO          755    i.vTaskStartScheduler  tasks.o
    0x080021c4   0x080021c4   0x00000010   Code   RO          757    i.vTaskSuspendAll   tasks.o
    0x080021d4   0x080021d4   0x00000060   Code   RO          758    i.vTaskSwitchContext  tasks.o
    0x08002234   0x08002234   0x00000034   Code   RO         1254    i.xPortStartScheduler  port.o
    0x08002268   0x08002268   0x00000034   Code   RO         1255    i.xPortSysTickHandler  port.o
    0x0800229c   0x0800229c   0x0000003a   Code   RO          328    i.xQueueGenericCreate  queue.o
    0x080022d6   0x080022d6   0x00000002   PAD
    0x080022d8   0x080022d8   0x00000080   Code   RO          329    i.xQueueGenericReset  queue.o
    0x08002358   0x08002358   0x00000148   Code   RO          330    i.xQueueGenericSend  queue.o
    0x080024a0   0x080024a0   0x0000009c   Code   RO          331    i.xQueueGenericSendFromISR  queue.o
    0x0800253c   0x0800253c   0x00000104   Code   RO          338    i.xQueueReceive     queue.o
    0x08002640   0x08002640   0x0000005c   Code   RO          759    i.xTaskCheckForTimeOut  tasks.o
    0x0800269c   0x0800269c   0x00000060   Code   RO          760    i.xTaskCreate       tasks.o
    0x080026fc   0x080026fc   0x00000020   Code   RO          764    i.xTaskGetSchedulerState  tasks.o
    0x0800271c   0x0800271c   0x0000000c   Code   RO          765    i.xTaskGetTickCount  tasks.o
    0x08002728   0x08002728   0x0000011c   Code   RO          767    i.xTaskIncrementTick  tasks.o
    0x08002844   0x08002844   0x00000084   Code   RO          770    i.xTaskPriorityDisinherit  tasks.o
    0x080028c8   0x080028c8   0x00000080   Code   RO          772    i.xTaskRemoveFromEventList  tasks.o
    0x08002948   0x08002948   0x000000e8   Code   RO          773    i.xTaskResumeAll    tasks.o
    0x08002a30   0x08002a30   0x0000003c   Code   RO         1109    i.xTimerCreateTimerTask  timers.o
    0x08002a6c   0x08002a6c   0x0000006c   Code   RO         1110    i.xTimerGenericCommand  timers.o
    0x08002ad8   0x08002ad8   0x00000018   Code   RO         4897    x$fpl$fcmpinf       fz_ws.l(fcmpi.o)
    0x08002af0   0x08002af0   0x00000068   Code   RO         4873    x$fpl$fleqf         fz_ws.l(fleqf.o)
    0x08002b58   0x08002b58   0x0000008c   Code   RO         4875    x$fpl$fnaninf       fz_ws.l(fnaninf.o)
    0x08002be4   0x08002be4   0x00000062   Code   RO         4851    x$fpl$frleqf        fz_ws.l(frleqf.o)
    0x08002c46   0x08002c46   0x00000000   Code   RO         4879    x$fpl$usenofp       fz_ws.l(usenofp.o)
    0x08002c46   0x08002c46   0x00000002   PAD
    0x08002c48   0x08002c48   0x00000020   Data   RO         5034    Region$$Table       anon$$obj.o


    Execution Region RW_IRAM1 (Exec base: 0x20000000, Load base: 0x08002c68, Size: 0x00003b58, Max: 0x00005000, ABSOLUTE)

    Exec Addr    Load Addr    Size         Type   Attr      Idx    E Section Name        Object

    0x20000000   0x08002c68   0x0000003c   Data   RW          776    .data               tasks.o
    0x2000003c   0x08002ca4   0x00000014   Data   RW         1118    .data               timers.o
    0x20000050   0x08002cb8   0x00000004   Data   RW         1256    .data               port.o
    0x20000054   0x08002cbc   0x00000018   Data   RW         1326    .data               heap_4.o
    0x2000006c   0x08002cd4   0x00000014   Data   RW         2964    .data               stm32f10x_rcc.o
    0x20000080   0x08002ce8   0x00000004   Data   RW         4367    .data               delay.o
    0x20000084   0x08002cec   0x00000029   Data   RW         4455    .data               start_task.o
    0x200000ad   0x08002d15   0x00000003   PAD
    0x200000b0   0x08002d18   0x00000014   Data   RW         4532    .data               system_stm32f10x.o
    0x200000c4   0x08002d2c   0x00000006   Data   RW         4579    .data               bsp_usart.o
    0x200000ca   0x08002d32   0x00000002   PAD
    0x200000cc        -       0x00000040   Zero   RW          345    .bss                queue.o
    0x2000010c        -       0x000002e4   Zero   RW          775    .bss                tasks.o
    0x200003f0        -       0x00000028   Zero   RW         1117    .bss                timers.o
    0x20000418        -       0x00003000   Zero   RW         1325    .bss                heap_4.o
    0x20003418        -       0x00000014   Zero   RW         4404    .bss                main.o
    0x2000342c        -       0x000000c8   Zero   RW         4578    .bss                bsp_usart.o
    0x200034f4        -       0x00000060   Zero   RW         4910    .bss                c_w.l(libspace.o)
    0x20003554   0x08002d32   0x00000004   PAD
    0x20003558        -       0x00000200   Zero   RW           18    HEAP                startup_stm32f10x_md.o
    0x20003758        -       0x00000400   Zero   RW           17    STACK               startup_stm32f10x_md.o


==============================================================================

Image component sizes


      Code (inc. data)   RO Data    RW Data    ZI Data      Debug   Object Name

        72          6          0          0          0        510   bsp_hx711_1.o
        52          4          0          0          0        482   bsp_led.o
       436         22          0          0          0       1366   bsp_rgb.o
       304         24          0          6        200       3711   bsp_usart.o
         0          0          0          0          0       4556   core_cm3.o
         0          0          0          0          0     257228   croutine.o
       108         18          0          4          0       1147   delay.o
         0          0          0          0          0       9508   event_groups.o
       508         62          0         24      12288       3895   heap_4.o
       148          0          0          0          0       3146   list.o
        96         18          0          0         20        684   main.o
       152         12          0          0          0       1738   misc.o
       420         48          0          4          0       9052   port.o
      1546         20          0          0         64      15122   queue.o
       488         92          0         41          0       3221   start_task.o
        64         26        236          0       1536        780   startup_stm32f10x_md.o
       426          6          0          0          0       3541   stm32f10x_gpio.o
        20          0          0          0          0       2509   stm32f10x_it.o
       276         32          0         20          0       4650   stm32f10x_rcc.o
       738         82          0          0          0       7634   stm32f10x_tim.o
       408          6          0          0          0       5234   stm32f10x_usart.o
       328         28          0         20          0       2221   system_stm32f10x.o
      2372        378          0         60        740      27308   tasks.o
      1078        112          0         20         40      13375   timers.o

    ----------------------------------------------------------------------
     10064        996        268        204      14888     382618   Object Totals
         0          0         32          0          0          0   (incl. Generated)
        24          0          0          5          0          0   (incl. Padding)

    ----------------------------------------------------------------------

      Code (inc. data)   RO Data    RW Data    ZI Data      Debug   Library Member Name

         8          0          0          0          0         68   __main.o
         0          0          0          0          0          0   __rtentry.o
        12          0          0          0          0          0   __rtentry2.o
         6          0          0          0          0          0   __rtentry4.o
        52          8          0          0          0          0   __scatter.o
        26          0          0          0          0          0   __scatter_copy.o
        28          0          0          0          0          0   __scatter_zi.o
        16          0          0          0          0         68   aeabi_memset.o
        18          0          0          0          0         80   exit.o
         6          0          0          0          0        152   heapauxi.o
         2          0          0          0          0          0   libinit.o
         2          0          0          0          0          0   libinit2.o
         2          0          0          0          0          0   libshutdown.o
         2          0          0          0          0          0   libshutdown2.o
         8          4          0          0         96         68   libspace.o
        68          0          0          0          0         68   rt_memclr.o
        78          0          0          0          0         80   rt_memclr_w.o
       138          0          0          0          0         68   rt_memcpy_v6.o
       100          0          0          0          0         80   rt_memcpy_w.o
         2          0          0          0          0          0   rtexit.o
        10          0          0          0          0          0   rtexit2.o
        74          0          0          0          0         80   sys_stackheap_outer.o
         2          0          0          0          0         68   use_no_semi.o
         2          0          0          0          0         68   use_no_semi_2.o
        24          0          0          0          0         68   fcmpi.o
       104          4          0          0          0         84   fleqf.o
       140          4          0          0          0         84   fnaninf.o
        98          0          0          0          0         68   frleqf.o
         0          0          0          0          0          0   usenofp.o

    ----------------------------------------------------------------------
      1036         20          0          0        100       1252   Library Totals
         8          0          0          0          4          0   (incl. Padding)

    ----------------------------------------------------------------------

      Code (inc. data)   RO Data    RW Data    ZI Data      Debug   Library Name

       662         12          0          0         96        948   c_w.l
       366          8          0          0          0        304   fz_ws.l

    ----------------------------------------------------------------------
      1036         20          0          0        100       1252   Library Totals

    ----------------------------------------------------------------------

==============================================================================


      Code (inc. data)   RO Data    RW Data    ZI Data      Debug   

     11100       1016        268        204      14988     377626   Grand Totals
     11100       1016        268        204      14988     377626   ELF Image Totals
     11100       1016        268        204          0          0   ROM Totals

==============================================================================

    Total RO  Size (Code + RO Data)                11368 (  11.10kB)
    Total RW  Size (RW Data + ZI Data)             15192 (  14.84kB)
    Total ROM Size (Code + RO Data + RW Data)      11572 (  11.30kB)

==============================================================================

